BOOT)
configsip: 0, SPIWP:0xee
clk_drv:0x00,q_drv:0x00,d_drv:0x00,cs0_drv:0x00,hd_drv:0x00,wp_drv:0x00
mode:DIO, clock div:2
load:0x3fff0030,len:6276
load:0x40078000,len:15748
load:0x40080400,len:4
ho 8 tail 4 room 4
load:0x40080404,len:3860
entry 0x4008063c
[0;32mI (31) boot: ESP-IDF v5.4.1 2nd stage bootloaï¿½ets Jul 29 2019 12:21:46[0m

rst:0x1 (POWERON_RESET),boot:0x13 (SPI_FAST_FLASH_BOOT)
configsip: 0, SPIWP:0xee
clk_drv:0x00,q_drv:0x00,d_drv:0x00,cs0_drv:0x00,hd_drv:0x00,wp_drv:0x00
mode:DIO, clock div:2
load:0x3fff0030,len:6276
load:0x40078000,len:15748
load:0x40080400,len:4
ho 8 tail 4 room 4
load:0x40080404,len:3860
entry 0x4008063c
[0;32mI (31) boot: ESP-IDF v5.4.1 2nd stage bootloader[0m
[0;32mI (31) boot: compile time May  6 2025 11:24:01[0m
[0;32mI (31) boot: Multicore bootloader[0m
[0;32mI (32) boot: chip revision: v3.1[0m
[0;32mI (35) boot.esp32: SPI Speed      : 40MHz[0m
[0;32mI (39) boot.esp32: SPI Mode       : DIO[0m
[0;32mI (43) boot.esp32: SPI Flash Size : 4MB[0m
[0;32mI (46) boot: Enabling RNG early entropy source...[0m
[0;32mI (51) boot: Partition Table:[0m
[0;32mI (53) boot: ## Label            Usage          Type ST Offset   Length[0m
[0;32mI (60) boot:  0 nvs              WiFi data        01 02 00009000 00005000[0m
[0;32mI (66) boot:  1 phy_init         RF data          01 01 0000e000 00001000[0m
[0;32mI (73) boot:  2 factory          factory app      00 00 00010000 00100000[0m
[0;32mI (79) boot:  3 storage          Unknown data     01 82 00310000 00080000[0m
[0;32mI (86) boot: End of partition table[0m
[0;32mI (89) esp_image: segment 0: paddr=00010020 vaddr=3f400020 size=1a6f0h (108272) map[0m
[0;32mI (133) esp_image: segment 1: paddr=0002a718 vaddr=3ff80000 size=0001ch (    28) load[0m
[0;32mI (134) esp_image: segment 2: paddr=0002a73c vaddr=3ffb0000 size=03330h ( 13104) load[0m
[0;32mI (142) esp_image: segment 3: paddr=0002da74 vaddr=40080000 size=025a4h (  9636) load[0m
[0;32mI (149) esp_image: segment 4: paddr=00030020 vaddr=400d0020 size=7d5c4h (513476) map[0m
[0;32mI (328) esp_image: segment 5: paddr=000ad5ec vaddr=400825a4 size=102f0h ( 66288) load[0m
[0;32mI (363) boot: Loaded app from partition at offset 0x10000[0m
[0;32mI (363) boot: Disabling RNG early entropy source...[0m
[0;32mI (373) cpu_start: Multicore app[0m
[0;32mI (381) cpu_start: Pro cpu start user code[0m
[0;32mI (382) cpu_start: cpu freq: 160000000 Hz[0m
[0;32mI (382) app_init: Application information:[0m
[0;32mI (382) app_init: Project name:     sender[0m
[0;32mI (385) app_init: App version:      1[0m
[0;32mI (389) app_init: Compile time:     May  6 2025 11:23:53[0m
[0;32mI (394) app_init: ELF file SHA256:  7fa119a9f...[0m
[0;32mI (398) app_init: ESP-IDF:          v5.4.1[0m
[0;32mI (402) efuse_init: Min chip rev:     v0.0[0m
[0;32mI (406) efuse_init: Max chip rev:     v3.99 [0m
[0;32mI (410) efuse_init: Chip rev:         v3.1[0m
[0;32mI (414) heap_init: Initializing. RAM available for dynamic allocation:[0m
[0;32mI (420) heap_init: At 3FFAE6E0 len 00001920 (6 KiB): DRAM[0m
[0;32mI (425) heap_init: At 3FFB72F8 len 00028D08 (163 KiB): DRAM[0m
[0;32mI (430) heap_init: At 3FFE0440 len 00003AE0 (14 KiB): D/IRAM[0m
[0;32mI (436) heap_init: At 3FFE4350 len 0001BCB0 (111 KiB): D/IRAM[0m
[0;32mI (441) heap_init: At 40092894 len 0000D76C (53 KiB): IRAM[0m
[0;32mI (448) spi_flash: detected chip: generic[0m
[0;32mI (450) spi_flash: flash io: dio[0m
[0;32mI (454) main_task: Started on CPU0[0m
[0;32mI (464) main_task: Calling app_main()[0m
[0;32mI (474) sender: ESP_WIFI_MODE_AP[0m
ESP_ERROR_CHECK failed: esp_err_t 0x3001 (ESP_ERR_WIFI_NOT_INIT) at 0x400d8784
file: "./main/sender.c" line 206
func: wifi_init_softap
expression: esp_wifi_set_mode(WIFI_MODE_AP)

abort() was called at PC 0x40088f4b on core 0


Backtrace: 0x40081a6d:0x3ffb9400 0x40088f55:0x3ffb9420 0x4008fc31:0x3ffb9440 0x40088f4b:0x3ffb94b0 0x400d8784:0x3ffb94e0 0x400d8968:0x3ffb95d0 0x4014cadb:0x3ffb95f0 0x40089891:0x3ffb9620




ELF file SHA256: 7fa119a9f

Rebooting...
ets Jul 29 2019 12:21:46

rst:0xc (SW_CPU_RESET),boot:0x13 (SPI_FAST_FLASH_BOOT)
configsip: 0, SPIWP:0xee
clk_drv:0x00,q_drv:0x00,d_drv:0x00,cs0_drv:0x00,hd_drv:0x00,wp_drv:0x00
mode:DIO, clock div:2
load:0x3fff0030,len:6276
load:0x40078000,len:15748
load:0x40080400,len:4
ho 8 tail 4 room 4
load:0x40080404,len:3860
entry 0x4008063c
[0;32mI (31) boot: ESP-IDF v5.4.1 2nd stage bootloader[0m
[0;32mI (31) boot: compile time May  6 2025 11:24:01[0m
[0;32mI (31) boot: Multicore bootloader[0m
[0;32mI (32) boot: chip revision: v3.1[0m
[0;32mI (35) boot.esp32: SPI Speed      : 40MHz[0m
[0;32mI (39) boot.esp32: SPI Mode       : DIO[0m
[0;32mI (42) boot.esp32: SPI Flash Size : 4MB[0m
[0;32mI (46) boot: Enabling RNG early entropy source...[0m
[0;32mI (51) boot: Partition Table:[0m
[0;32mI (53) boot: ## Label            Usage          Type ST Offset   Length[0m
[0;32mI (59) boot:  0 nvs              WiFi data        01 02 00009000 00005000[0m
[0;32mI (66) boot:  1 phy_init         RF data          01 01 0000e000 00001000[0m
[0;32mI (73) boot:  2 factory          factory app      00 00 00010000 00100000[0m
[0;32mI (79) boot:  3 storage          Unknown data     01 82 00310000 00080000[0m
[0;32mI (86) boot: End of partition table[0m
[0;32mI (89) esp_image: segment 0: paddr=00010020 vaddr=3f400020 size=1a6f0h (108272) map[0m
[0;32mI (133) esp_image: segment 1: paddr=0002a718 vaddr=3ff80000 size=0001ch (    28) load[0m
[0;32mI (134) esp_image: segment 2: paddr=0002a73c vaddr=3ffb0000 size=03330h ( 13104) load[0m
[0;32mI (142) esp_image: segment 3: paddr=0002da74 vaddr=40080000 size=025a4h (  9636) load[0m
[0;32mI (149) esp_image: segment 4: paddr=00030020 vaddr=400d0020 size=7d5c4h (513476) map[0m
[0;32mI (328) esp_image: segment 5: paddr=000ad5ec vaddr=400825a4 size=102f0h ( 66288) load[0m
[0;32mI (363) boot: Loaded app from partition at offset 0x10000[0m
[0;32mI (363) boot: Disabling RNG early entropy source...[0m
[0;32mI (373) cpu_start: Multicore app[0m
[0;32mI (381) cpu_start: Pro cpu start user code[0m
[0;32mI (381) cpu_start: cpu freq: 160000000 Hz[0m
[0;32mI (382) app_init: Application information:[0m
[0;32mI (382) app_init: Project name:     sender[0m
[0;32mI (385) app_init: App version:      1[0m
[0;32mI (389) app_init: Compile time:     May  6 2025 11:23:53[0m
[0;32mI (394) app_init: ELF file SHA256:  7fa119a9f...[0m
[0;32mI (398) app_init: ESP-IDF:          v5.4.1[0m
[0;32mI (402) efuse_init: Min chip rev:     v0.0[0m
[0;32mI (406) efuse_init: Max chip rev:     v3.99 [0m
[0;32mI (410) efuse_init: Chip rev:         v3.1[0m
[0;32mI (414) heap_init: Initializing. RAM available for dynamic allocation:[0m
[0;32mI (420) heap_init: At 3FFAE6E0 len 00001920 (6 KiB): DRAM[0m
[0;32mI (425) heap_init: At 3FFB72F8 len 00028D08 (163 KiB): DRAM[0m
[0;32mI (430) heap_init: At 3FFE0440 len 00003AE0 (14 KiB): D/IRAM[0m
[0;32mI (436) heap_init: At 3FFE4350 len 0001BCB0 (111 KiB): D/IRAM[0m
[0;32mI (441) heap_init: At 40092894 len 0000D76C (53 KiB): IRAM[0m
[0;32mI (448) spi_flash: detected chip: generic[0m
[0;32mI (450) spi_flash: flash io: dio[0m
[0;32mI (454) main_task: Started on CPU0[0m
[0;32mI (464) main_task: Calling app_main()[0m
[0;32mI (474) sender: ESP_WIFI_MODE_AP[0m
ESP_ERROR_CHECK failed: esp_err_t 0x3001 (ESP_ERR_WIFI_NOT_INIT) at 0x400d8784
file: "./main/sender.c" line 206
func: wifi_init_softap
expression: esp_wifi_set_mode(WIFI_MODE_AP)

abort() was called at PC 0x40088f4b on core 0


Backtrace: 0x40081a6d:0x3ffb9400 0x40088f55:0x3ffb9420 0x4008fc31:0x3ffb9440 0x40088f4b:0x3ffb94b0 0x400d8784:0x3ffb94e0 0x400d8968:0x3ffb95d0 0x4014cadb:0x3ffb95f0 0x40089891:0x3ffb9620




ELF file SHA256: 7fa119a9f

Rebooting...
ets Jul 29 2019 12:21:46

rst:0xc (SW_CPU_RESET),boot:0x13 (SPI_FAST_FLASH_BOOT)
configsip: 0, SPIWP:0xee
clk_drv:0x00,q_drv:0x00,d_drv:0x00,cs0_drv:0x00,hd_drv:0x00,wp_drv:0x00
mode:DIO, clock div:2
load:0x3fff0030,len:6276
load:0x40078000,len:15748
load:0x40080400,len:4
ho 8 tail 4 room 4
load:0x40080404,len:3860
entry 0x4008063c
[0;32mI (31) boot: ESP-IDF v5.4.1 2nd stage bootloader[0m
[0;32mI (31) boot: compile time May  6 2025 11:24:01[0m
[0;32mI (31) boot: Multicore bootloader[0m
[0;32mI (32) boot: chip revision: v3.1[0m
[0;32mI (35) boot.esp32: SPI Speed      : 40MHz[0m
[0;32mI (39) boot.esp32: SPI Mode       : DIO[0m
[0;32mI (42) boot.esp32: SPI Flash Size : 4MB[0m
[0;32mI (46) boot: Enabling RNG early entropy source...[0m
[0;32mI (51) boot: Partition Table:[0m
[0;32mI (53) boot: ## Label            Usage          Type ST Offset   Length[0m
[0;32mI (59) boot:  0 nvs              WiFi data        01 02 00009000 00005000[0m
[0;32mI (66) boot:  1 phy_init         RF data          01 01 0000e000 00001000[0m
[0;32mI (73) boot:  2 factory          factory app      00 00 00010000 00100000[0m
[0;32mI (79) boot:  3 storage          Unknown data     01 82 00310000 00080000[0m
[0;32mI (86) boot: End of partition table[0m
[0;32mI (89) esp_image: segment 0: paddr=00010020 vaddr=3f400020 size=1a6f0h (108272) map[0m
[0;32mI (133) esp_image: segment 1: paddr=0002a718 vaddr=3ff80000 size=0001ch (    28) load[0m
[0;32mI (134) esp_image: segment 2: paddr=0002a73c vaddr=3ffb0000 size=03330h ( 13104) load[0m
[0;32mI (142) esp_image: segment 3: paddr=0002da74 vaddr=40080000 size=025a4h (  9636) load[0m
[0;32mI (149) esp_image: segment 4: paddr=00030020 vaddr=400d0020 size=7d5c4h (513476) map[0m
[0;32mI (328) esp_image: segment 5: paddr=000ad5ec vaddr=400825a4 size=102f0h ( 66288) load[0m
[0;32mI (363) boot: Loaded app from partition at offset 0x10000[0m
[0;32mI (363) boot: Disabling RNG early entropy source...[0m
[0;32mI (373) cpu_start: Multicore app[0m
[0;32mI (381) cpu_start: Pro cpu start user code[0m
[0;32mI (381) cpu_start: cpu freq: 160000000 Hz[0m
[0;32mI (382) app_init: Application information:[0m
[0;32mI (382) app_init: Project name:     sender[0m
[0;32mI (385) app_init: App version:      1[0m
[0;32mI (389) app_init: Compile time:     May  6 2025 11:23:53[0m
[0;32mI (394) app_init: ELF file SHA256:  7fa119a9f...[0m
[0;32mI (398) app_init: ESP-IDF:          v5.4.1[0m
[0;32mI (402) efuse_init: Min chip rev:     v0.0[0m
[0;32mI (406) efuse_init: Max chip rev:     v3.99 [0m
[0;32mI (410) efuse_init: Chip rev:         v3.1[0m
[0;32mI (414) heap_init: Initializing. RAM available for dynamic allocation:[0m
[0;32mI (420) heap_init: At 3FFAE6E0 len 00001920 (6 KiB): DRAM[0m
[0;32mI (425) heap_init: At 3FFB72F8 len 00028D08 (163 KiB): DRAM[0m
[0;32mI (430) heap_init: At 3FFE0440 len 00003AE0 (14 KiB): D/IRAM[0m
[0;32mI (436) heap_init: At 3FFE4350 len 0001BCB0 (111 KiB): D/IRAM[0m
[0;32mI (441) heap_init: At 40092894 len 0000D76C (53 KiB): IRAM[0m
[0;32mI (448) spi_flash: detected chip: generic[0m
[0;32mI (450) spi_flash: flash io: dio[0m
[0;32mI (454) main_task: Started on CPU0[0m
[0;32mI (464) main_task: Calling app_main()[0m
[0;32mI (474) sender: ESP_WIFI_MODE_AP[0m
ESP_ERROR_CHECK failed: esp_err_t 0x3001 (ESP_ERR_WIFI_NOT_INIT) at 0x400d8784
file: "./main/sender.c" line 206
func: wifi_init_softap
expression: esp_wifi_set_mode(WIFI_MODE_AP)

abort() was called at PC 0x40088f4b on core 0


Backtrace: 0x40081a6d:0x3ffb9400 0x40088f55:0x3ffb9420 0x4008fc31:0x3ffb9440 0x400
88f4b:0x3ffb94b0 0x400d8784:0x3f
fb94e0 0x400d8968:0x3ffb95d0 0x4
014cadb:0x3ffb95f0 0x40089891:0x
3ffb9620




ELF file SHA256: 7fa119a9f

Rebooting...
ets Jul 29 2019 12:21:46

rst:0xc (SW_CPU_RESET),boot:0x13 (SPI_FAST_FLASH_BOOT)
configsip: 0, SPIWP:0xee
clk_drv:0x00,q_drv:0x00,d_drv:0x00,cs0_drv:0x00,hd_drv:0x00,wp_drv:0x00
mode:DIO, clock div:2
load:0x3fff0030,len:6276
load:0x40078000,len:15748
load:0x40080400,len:4
ho 8 tail 4 room 4
load:0x40080404,len:3860
entry 0x4008063c
[0;32mI (31) boot: ESP-IDF v5.4.1 2nd stage bootloader[0m
[0;32mI (31) boot: compile time May  6 2025 11:24:01[0m
[0;32mI (31) boot: Multicore bootloader[0m
[0;32mI (32) boot: chip revision: v3.1[0m
[0;32mI (35) boot.esp32: SPI Speed      : 40MHz[0m
[0;32mI (39) boot.esp32: SPI Mode       : DIO[0m
[0;32mI (42) boot.esp32: SPI Flash Size : 4MB[0m
[0;32mI (46) boot: Enabling RNG early entropy source...[0m
[0;32mI (51) boot: Partition Table:[0m
[0;32mI (53) boot: ## Label            Usage          Type ST Offset   Length[0m
[0;32mI (59) boot:  0 nvs              WiFi data        01 02 00009000 00005000[0m
[0;32mI (66) boot:  1 phy_init         RF data          01 01 0000e000 00001000[0m
[0;32mI (72) boot:  2 factory          factory app      00 00 00010000 00100000[0m
[0;32mI (79) boot:  3 storage          Unknown data     01 82 00310000 00080000[0m
[0;32mI (86) boot: End of partition table[0m
[0;32mI (89) esp_image: segment 0: paddr=00010020 vaddr=3f400020 size=1a6f0h (108272) map[0m
[0;32mI (133) esp_image: segment 1: paddr=0002a718 vaddr=3ff80000 size=0001ch (    28) load[0m
[0;32mI (134) esp_image: segment 2: paddr=0002a73c vaddr=3ffb0000 size=03330h ( 13104) load[0m
[0;32mI (142) esp_image: segment 3: paddr=0002da74 vaddr=40080000 size=025a4h (  9636) load[0m
[0;32mI (149) esp_image: segment 4: paddr=00030020 vaddr=400d0020 size=7d5c4h (513476) map[0m
[0;32mI (328) esp_image: segment 5: paddr=000ad5ec vaddr=400825a4 size=102f0h ( 66288) load[0m
[0;32mI (363) boot: Loaded app from partition at offset 0x10000[0m
[0;32mI (363) boot: Disabling RNG early entropy source...[0m
[0;32mI (373) cpu_start: Multicore app[0m
[0;32mI (381) cpu_start: Pro cpu start user code[0m
[0;32mI (381) cpu_start: cpu freq: 160000000 Hz[0m
[0;32mI (382) app_init: Application information:[0m
[0;32mI (382) app_init: Project name:     sender[0m
[0;32mI (385) app_init: App version:      1[0m
[0;32mI (389) app_init: Compile time:     May  6 2025 11:23:53[0m
[0;32mI (394) app_init: ELF file SHA256:  7fa119a9f...[0m
[0;32mI (398) app_init: ESP-IDF:          v5.4.1[0m
[0;32mI (402) efuse_init: Min chip rev:     v0.0[0m
[0;32mI (406) efuse_init: Max chip rev:     v3.99 [0m
[0;32mI (410) efuse_init: Chip rev:         v3.1[0m
[0;32mI (414) heap_init: Initializing. RAM available for dynamic allocation:[0m
[0;32mI (420) heap_init: At 3FFAE6E0 len 00001920 (6 KiB): DRAM[0m
[0;32mI (425) heap_init: At 3FFB72F8 len 00028D08 (163 KiB): DRAM[0m
[0;32mI (430) heap_init: At 3FFE0440 len 00003AE0 (14 KiB): D/IRAM[0m
[0;32mI (436) heap_init: At 3FFE4350 len 0001BCB0 (111 KiB): D/IRAM[0m
[0;32mI (441) heap_init: At 40092894 len 0000D76C (53 KiB): IRAM[0m
[0;32mI (448) spi_flash: detected chip: generic[0m
[0;32mI (450) spi_flash: flash io: dio[0m
[0;32mI (454) main_task: Started on CPU0[0m
[0;32mI (464) main_task: Calling app_main()[0m
[0;32mI (474) sender: ESP_WIFI_MODE_AP[0m
ESP_ERROR_CHECK failed: esp_err_t 0x3001 (ESP_ERR_WIFI_NOT_INIT) at 0x400d8784
file: "./main/sender.c" line 206
func: wifi_init_softap
expression: esp_wifi_set_mode(WIFI_MODE_AP)

abort() was called at PC 0x40088f4b on core 0


Backtrace: 0x40081a6d:0x3ffb9400 0x40088f55:0x3ffb9420 0x4008fc31:0x3ffb9440 0x40088f4b:0x3ffb94b0 0x400d8784:0x3ffb94e0 0x400d8968:0x3ffb95d0 0x4014cadb:0x3ffb95f0 0x40089891:0x3ffb9620




ELF file SHA256: 7fa119a9f

Rebooting...
ets Jul 29 2019 12:21:46

rst:0xc (SW_CPU_RESET),boot:0x13 (SPI_FAST_FLASH_BOOT)
configsip: 0, SPIWP:0xee
clk_drv:0x00,q_drv:0x00,d_drv:0x00,cs0_drv:0x00,hd_drv:0x00,wp_drv:0x00
mode:DIO, clock div:2
load:0x3fff0030,len:6276
load:0x40078000,len:15748
load:0x40080400,len:4
ho 8 tail 4 room 4
load:0x40080404,len:3860
entry 0x4008063c
[0;32mI (31) boot: ESP-IDF v5.4.1 2nd stage bootloader[0m
[0;32mI (31) boot: compile time May  6 2025 11:24:01[0m
[0;32mI (31) boot: Multicore bootloader[0m
[0;32mI (32) boot: chip revision: v3.1[0m
[0;32mI (35) boot.esp32: SPI Speed      : 40MHz[0m
[0;32mI (39) boot.esp32: SPI Mode       : DIO[0m
[0;32mI (42) boot.esp32: SPI Flash Size : 4MB[0m
[0;32mI (46) boot: Enabling RNG early entropy source...[0m
[0;32mI (51) boot: Partition Table:[0m
[0;32mI (53) boot: ## Label            Usage          Type ST Offset   Length[0m
[0;32mI (59) boot:  0 nvs              WiFi data        01 02 00009000 00005000[0m
[0;32mI (66) boot:  1 phy_init         RF data          01 01 0000e000 00001000[0m
[0;32mI (72) boot:  2 factory          factory app      00 00 00010000 00100000[0m
[0;32mI (79) boot:  3 storage          Unknown data     01 82 00310000 00080000[0m
[0;32mI (86) boot: End of partition table[0m
[0;32mI (89) esp_image: segment 0: paddr=00010020 vaddr=3f400020 size=1a6f0h (108272) map[0m
[0;32mI (133) esp_image: segment 1: paddr=0002a718 vaddr=3ff80000 size=0001ch (    28) load[0m
[0;32mI (134) esp_image: segment 2: paddr=0002a73c vaddr=3ffb0000 size=03330h ( 13104) load[0m
[0;32mI (142) esp_image: segment 3: paddr=0002da74 vaddr=40080000 size=025a4h (  9636) load[0m
[0;32mI (149) esp_image: segment 4: paddr=00030020 vaddr=400d0020 size=7d5c4h (513476) map[0m
[0;32mI (328) esp_image: segment 5: paddr=000ad5ec vaddr=400825a4 size=102f0h ( 66288) load[0m
[0;32mI (363) boot: Loaded app from partition at offset 0x10000[0m
[0;32mI (363) boot: Disabling RNG early entropy source...[0m
[0;32mI (373) cpu_start: Multicore app[0m
[0;32mI (381) cpu_start: Pro cpu start user code[0m
[0;32mI (381) cpu_start: cpu freq: 160000000 Hz[0m
[0;32mI (382) app_init: Application information:[0m
[0;32mI (382) app_init: Project name:     sender[0m
[0;32mI (385) app_init: App version:      1[0m
[0;32mI (389) app_init: Compile time:     May  6 2025 11:23:53[0m
[0;32mI (394) app_init: ELF file SHA256:  7fa119a9f...[0m
[0;32mI (398) app_init: ESP-IDF:          v5.4.1[0m
[0;32mI (402) efuse_init: Min chip rev:     v0.0[0m
[0;32mI (406) efuse_init: Max chip rev:     v3.99 [0m
[0;32mI (410) efuse_init: Chip rev:         v3.1[0m
[0;32mI (414) heap_init: Initializing. RAM available for dynamic allocation:[0m
[0;32mI (420) heap_init: At 3FFAE6E0 len 00001920 (6 KiB): DRAM[0m
[0;32mI (425) heap_init: At 3FFB72F8 len 00028D08 (163 KiB): DRAM[0m
[0;32mI (430) heap_init: At 3FFE0440 len 00003AE0 (14 KiB): D/IRAM[0m
[0;32mI (436) heap_init: At 3FFE4350 len 0001BCB0 (111 KiB): D/IRAM[0m
[0;32mI (441) heap_init: At 40092894 len 0000D76C (53 KiB): IRAM[0m
[0;32mI (448) spi_flash: detected chip: generic[0m
[0;32mI (450) spi_flash: flash io: dio[0m
[0;32mI (454) main_task: Started on CPU0[0m
[0;32mI (464) main_task: Calling app_main()[0m
[0;32mI (474) sender: ESP_WIFI_MODE_AP[0m
ESP_ERROR_CHECK failed: esp_err_t 0x3001 (ESP_ERR_WIFI_NOT_INIT) at 0x400d8784
file: "./main/sender.c" line 206
func: wifi_init_softap
expression: esp_wifi_set_mode(WIFI_MODE_AP)

abort() was called at PC 0x40088f4b on core 0


Backtrace: 0x40081a6d:0x3ffb9400 0x40088f55:0x3ffb9420 0x4008fc31:0x3ffb9440 0x40088f4b:0x3ffb94b0 0x400d8784:0x3ffb94e0 0x400d8968:0x3ffb95d0 0x4014cadb:0x3ffb95f0 0x40089891:0x3ffb9620




ELF file SHA256: 7fa119a9f

Rebooting...
ets Jul 29 2019 12:21:46

rst:0xc (SW_CPU_RESET),boot:0x13 (SPI_FAST_FLASH_BOOT)
configsip: 0, SPIWP:0xee
clk_drv:0x00,q_drv:0x00,d_drv:0x00,cs0_drv:0x00,hd_drv:0x00,wp_drv:0x00
mode:DIO, clock div:2
load:0x3fff0030,len:6276
load:0x40078000,len:15748
load:0x40080400,len:4
ho 8 tail 4 room 4
load:0x40080404,len:3860
entry 0x4008063c
[0;32mI (31) boot: ESP-IDF v5.4.1 2nd stage bootloader[0m
[0;32mI (31) boot: compile time May  6 2025 11:24:01[0m
[0;32mI (31) boot: Multicore bootloader[0m
[0;32mI (32) boot: chip revision: v3.1[0m
[0;32mI (35) boot.esp32: SPI Speed      : 40MHz[0m
[0;32mI (39) boot.esp32: SPI Mode       : DIO[0m
[0;32mI (42) boot.esp32: SPI Flash Size : 4MB[0m
[0;32mI (46) boot: Enabling RNG early entropy source...[0m
[0;32mI (51) boot: Partition Table:[0m
[0;32mI (53) boot: ## Label            Usage          Type ST Offset   Length[0m
[0;32mI (59) boot:  0 nvs              WiFi data        01 02 00009000 00005000[0m
[0;32mI (66) boot:  1 phy_init         RF data          01 01 0000e000 00001000[0m
[0;32mI (73) boot:  2 factory          factory app      00 00 00010000 00100000[0m
[0;32mI (79) boot:  3 storage          Unknown data     01 82 00310000 00080000[0m
[0;32mI (86) boot: End of partition table[0m
[0;32mI (89) esp_image: segment 0: paddr=00010020 vaddr=3f400020 size=1a6f0h (108272) map[0m
[0;32mI (133) esp_image: segment 1: paddr=0002a718 vaddr=3ff80000 size=0001ch (    28) load[0m
[0;32mI (134) esp_image: segment 2: paddr=0002a73c vaddr=3ffb0000 size=03330h ( 13104) load[0m
[0;32mI (142) esp_image: segment 3: paddr=0002da74 vaddr=40080000 size=025a4h (  9636) load[0m
[0;32mI (149) esp_image: segment 4: paddr=00030020 vaddr=400d0020 size=7d5c4h (513476) map[0m
[0;32mI (328) esp_image: segment 5: paddr=000ad5ec vaddr=400825a4 size=102f0h ( 66288) load[0m
[0;32mI (363) boot: Loaded app from partition at offset 0x10000[0m
[0;32mI (363) boot: Disabling RNG early entropy source...[0m
[0;32mI (373) cpu_start: Multicore app[0m
[0;32mI (381) cpu_start: Pro cpu start user code[0m
[0;32mI (381) cpu_start: cpu freq: 160000000 Hz[0m
[0;32mI (382) app_init: Application information:[0m
[0;32mI (382) app_init: Project name:     sender[0m
[0;32mI (385) app_init: App version:      1[0m
[0;32mI (389) app_init: Compile time:     May  6 2025 11:23:53[0m
[0;32mI (394) app_init: ELF file SHA256:  7fa119a9f...[0m
[0;32mI (398) app_init: ESP-IDF:          v5.4.1[0m
[0;32mI (402) efuse_init: Min chip rev:     v0.0[0m
[0;32mI (406) efuse_init: Max chip rev:     v3.99 [0m
[0;32mI (410) efuse_init: Chip rev:         v3.1[0m
[0;32mI (414) heap_init: Initializing. RAM available for dynamic allocation:[0m
[0;32mI (420) heap_init: At 3FFAE6E0 len 00001920 (6 KiB): DRAM[0m
[0;32mI (425) heap_init: At 3FFB72F8 len 00028D08 (163 KiB): DRAM[0m
[0;32mI (430) heap_init: At 3FFE0440 len 00003AE0 (14 KiB): D/IRAM[0m
[0;32mI (436) heap_init: At 3FFE4350 len 0001BCB0 (111 KiB): D/IRAM[0m
[0;32mI (441) heap_init: At 40092894 len 0000D76C (53 KiB): IRAM[0m
[0;32mI (448) spi_flash: detected chip: generic[0m
[0;32mI (450) spi_flash: flash io: dio[0m
[0;32mI (454) main_task: Started on CPU0[0m
[0;32mI (464) main_task: Calling app_main()[0m
[0;32mI (474) sender: ESP_WIFI_MODE_AP[0m
ESP_ERROR_CHECK failed: esp_err_t 0x3001 (ESP_ERR_WIFI_NOT_INIT) at 0x400d8784
file: "./main/sender.c" line 206
func: wifi_init_softap
expression: esp_wifi_set_mode(WIFI_MODE_AP)

abort() was called at PC 0x40088f4b on core 0


Backtrace: 0x40081a6d:0x3ffb9400 0x40088f55:0x3ffb9420 0x4008fc31:0x3ffb9440 0x40088f4b:0x3ffb94b0 0x400d8784:0x3ffb94e0 0x400d8968:0x3ffb95d0 0x4014cadb:0x3ffb95f0 0x40089891:0x3ffb9620




ELF file SHA256: 7fa119a9f

Rebooting...
ets Jul 29 2019 12:21:46

rst:0xc (SW_CPU_RESET),boot:0x13 (SPI_FAST_FLASH_BOOT)
configsip: 0, SPIWP:0xee
clk_drv:0x00,q_drv:0x00,d_drv:0x00,cs0_drv:0x00,hd_drv:0x00,wp_drv:0x00
mode:DIO, clock div:2
load:0x3fff0030,len:6276
load:0x40078000,len:15748
load:0x40080400,len:4
ho 8 tail 4 room 4
load:0x40080404,len:3860
entry 0x4008063c
[0;32mI (31) boot: ESP-IDF v5.4.1 2nd stage bootloader[0m
[0;32mI (31) boot: compile time May  6 2025 11:24:01[0m
[0;32mI (31) boot: Multicore bootloader[0m
[0;32mI (32) boot: chip revision: v3.1[0m
[0;32mI (35) boot.esp32: SPI Speed      : 40MHz[0m
[0;32mI (39) boot.esp32: SPI Mode       : DIO[0m
[0;32mI (42) boot.esp32: SPI Flash Size : 4MB[0m
[0;32mI (46) boot: Enabling RNG early entropy source...[0m
[0;32mI (51) boot: Partition Table:[0m
[0;32mI (53) boot: ## Label            Usage          Type ST Offset   Length[0m
[0;32mI (59) boot:  0 nvs              WiFi data        01 02 00009000 00005000[0m
[0;32mI (66) boot:  1 phy_init         RF data          01 01 0000e000 00001000[0m
[0;32mI (72) boot:  2 factory          factory app      00 00 00010000 00100000[0m
[0;32mI (79) boot:  3 storage          Unknown data     01 82 00310000 00080000[0m
[0;32mI (86) boot: End of partition table[0m
[0;32mI (89) esp_image: segment 0: paddr=00010020 vaddr=3f400020 size=1a6f0h (108272) map[0m
[0;32mI (133) esp_image: segment 1: paddr=0002a718 vaddr=3ff80000 size=0001ch (    28) load[0m
[0;32mI (134) esp_image: segment 2: paddr=0002a73c vaddr=3ffb0000 size=03330h ( 13104) load[0m
[0;32mI (142) esp_image: segment 3: paddr=0002da74 vaddr=40080000 size=025a4h (  9636) load[0m
[0;32mI (149) esp_image: segment 4: paddr=00030020 vaddr=400d0020 size=7d5c4h (513476) map[0m
[0;32mI (328) esp_image: segment 5: paddr=000ad5ec vaddr=400825a4 size=102f0h ( 66288) load[0m
[0;32mI (363) boot: Loaded app from partition at offset 0x10000[0m
[0;32mI (363) boot: Disabling RNG early entropy source...[0m
[0;32mI (373) cpu_start: Multicore app[0m
[0;32mI (381) cpu_start: Pro cpu start user code[0m
[0;32mI (381) cpu_start: cpu freq: 160000000 Hz[0m
[0;32mI (382) app_init: Application information:[0m
[0;32mI (382) app_init: Project name:     sender[0m
[0;32mI (385) app_init: App version:      1[0m
[0;32mI (389) app_init: Compile time:     May  6 2025 11:23:53[0m
[0;32mI (394) app_init: ELF file SHA256:  7fa119a9f...[0m
[0;32mI (398) app_init: ESP-IDF:          v5.4.1[0m
[0;32mI (402) efuse_init: Min chip rev:     v0.0[0m
[0;32mI (406) efuse_init: Max chip rev:     v3.99 [0m
[0;32mI (410) efuse_init: Chip rev:         v3.1[0m
[0;32mI (414) heap_init: Initializing. RAM available for dynamic allocation:[0m
[0;32mI (420) heap_init: At 3FFAE6E0 len 00001920 (6 KiB): DRAM[0m
[0;32mI (425) heap_init: At 3FFB72F8 len 00028D08 (163 KiB): DRAM[0m
[0;32mI (430) heap_init: At 3FFE0440 len 00003AE0 (14 KiB): D/IRAM[0m
[0;32mI (436) heap_init: At 3FFE4350 len 0001BCB0 (111 KiB): D/IRAM[0m
[0;32mI (441) heap_init: At 40092894 len 0000D76C (53 KiB): IRAM[0m
[0;32mI (448) spi_flash: detected chip: generic[0m
[0;32mI (450) spi_flash: flash io: dio[0m
[0;32mI (454) main_task: Started on CPU0[0m
[0;32mI (464) main_task: Calling app_main()[0m
[0;32mI (474) sender: ESP_WIFI_MODE_AP[0m
ESP_ERROR_CHECK failed: esp_err_t 0x3001 (ESP_ERR_WIFI_NOT_INIT) at 0x400d8784
file: "./main/sender.c" line 206
func: wifi_init_softap
expression: esp_wifi_set_mode(WIFI_MODE_AP)

abort() was called at PC 0x40088f4b on core 0


Backtrace: 0x40081a6d:0x3ffb9400 0x40088f55:0x3ffb9420 0x4008fc31:0x3ffb9440 0x40088f4b:0x3ffb94b0 0x400d8784:0x3ffb94e0 0x400d8968:0x3ffb95d0 0x4014cadb:0x3ffb95f0 0x40089891:0x3ffb9620




ELF file SHA256: 7fa119a9f

Rebooting...
ets Jul 29 2019 12:21:46

rst:0xc (SW_CPU_RESET),boot:0x13 (SPI_FAST_FLASH_BOOT)
configsip: 0, SPIWP:0xee
clk_drv:0x00,q_drv:0x00,d_drv:0x00,cs0_drv:0x00,hd_drv:0x00,wp_drv:0x00
mode:DIO, clock div:2
load:0x3fff0030,len:6276
load:0x40078000,len:15748
load:0x40080400,len:4
ho 8 tail 4 room 4
load:0x40080404,len:3860
entry 0x4008063c
[0;32mI (31) boot: ESP-IDF v5.4.1 2nd stage bootloader[0m
[0;32mI (31) boot: compile time May  6 2025 11:24:01[0m
[0;32mI (31) boot: Multicore bootloader[0m
[0;32mI (32) boot: chip revision: v3.1[0m
[0;32mI (35) boot.esp32: SPI Speed      : 40MHz[0m
[0;32mI (39) boot.esp32: SPI Mode       : DIO[0m
[0;32mI (42) boot.esp32: SPI Flash Size : 4MB[0m
[0;32mI (46) boot: Enabling RNG early entropy source...[0m
[0;32mI (51) boot: Partition Table:[0m
[0;32mI (53) boot: ## Label            Usage          Type ST Offset   Length[0m
[0;32mI (59) boot:  0 nvs              WiFi data        01 02 00009000 00005000[0m
[0;32mI (66) boot:  1 phy_init         RF data          01 01 0000e000 00001000[0m
[0;32mI (72) boot:  2 factory          factory app      00 00 00010000 00100000[0m
[0;32mI (79) boot:  3 storage          Unknown data     01 82 00310000 00080000[0m
[0;32mI (86) boot: End of partition table[0m
[0;32mI (89) esp_image: segment 0: paddr=00010020 vaddr=3f400020 size=1a6f0h (108272) map[0m
[0;32mI (133) esp_image: segment 1: paddr=0002a718 vaddr=3ff80000 size=0001ch (    28) load[0m
[0;32mI (134) esp_image: segment 2: paddr=0002a73c vaddr=3ffb0000 size=03330h ( 13104) load[0m
[0;32mI (142) esp_image: segment 3: paddr=0002da74 vaddr=40080000 size=025a4h (  9636) load[0m
[0;32mI (149) esp_image: segment 4: paddr=00030020 vaddr=400d0020 size=7d5c4h (513476) map[0m
[0;32mI (328) esp_image: segment 5: paddr=000ad5ec vaddr=400825a4 size=102f0h ( 66288) load[0m
[0;32mI (363) boot: Loaded app from partition at offset 0x10000[0m
[0;32mI (363) boot: Disabling RNG early entropy source...[0m
[0;32mI (373) cpu_start: Multicore app[0m
[0;32mI (381) cpu_start: Pro cpu start user code[0m
[0;32mI (381) cpu_start: cpu freq: 160000000 Hz[0m
[0;32mI (382) app_init: Application information:[0m
[0;32mI (382) app_init: Project name:     sender[0m
[0;32mI (385) app_init: App version:      1[0m
[0;32mI (389) app_init: Compile time:     May  6 2025 11:23:53[0m
[0;32mI (394) app_init: ELF file SHA256:  7fa119a9f...[0m
[0;32mI (398) app_init: ESP-IDF:          v5.4.1[0m
[0;32mI (402) efuse_init: Min chip rev:     v0.0[0m
[0;32mI (406) efuse_init: Max chip rev:     v3.99 [0m
[0;32mI (410) efuse_init: Chip rev:         v3.1[0m
[0;32mI (414) heap_init: Initializing. RAM available for dynamic allocation:[0m
[0;32mI (420) heap_init: At 3FFAE6E0 len 00001920 (6 KiB): DRAM[0m
[0;32mI (425) heap_init: At 3FFB72F8 len 00028D08 (163 KiB): DRAM[0m
[0;32mI (430) heap_init: At 3FFE0440 len 00003AE0 (14 KiB): D/IRAM[0m
[0;32mI (436) heap_init: At 3FFE4350 len 0001BCB0 (111 KiB): D/IRAM[0m
[0;32mI (441) heap_init: At 40092894 len 0000D76C (53 KiB): IRAM[0m
[0;32mI (448) spi_flash: detected chip: generic[0m
[0;32mI (450) spi_flash: flash io: dio[0m
[0;32mI (454) main_task: Started on CPU0[0m
[0;32mI (464) main_task: Calling app_main()[0m
[0;32mI (474) sender: ESP_WIFI_MODE_AP[0m
ESP_ERROR_CHECK failed: esp_err_t 0x3001 (ESP_ERR_WIFI_NOT_INIT) at 0x400d8784
file: "./main/sender.c" line 206
func: wifi_init_softap
expression: esp_wifi_set_mode(WIFI_MODE_AP)

abort() was called at PC 0x40088f4b on core 0


Backtrace: 0x40081a6d:0x3ffb9400 0x40088f55:0x3ffb9420 0x4008fc31:0x3ffb9440 0x40088f4b:0x3ffb94b0 0x400d8784:0x3ffb94e0 0x400d8968:0x3ffb95d0 0x4014cadb:0x3ffb95f0 0x40089891:0x3ffb9620




ELF file SHA256: 7fa119a9f

Rebooting...
ets Jul 29 2019 12:21:46

rst:0xc (SW_CPU_RESET),boot:0x13 (SPI_FAST_FLASH_BOOT)
configsip: 0, SPIWP:0xee
clk_drv:0x00,q_drv:0x00,d_drv:0x00,cs0_drv:0x00,hd_drv:0x00,wp_drv:0x00
mode:DIO, clock div:2
load:0x3fff0030,len:6276
load:0x40078000,len:15748
load:0x40080400,len:4
ho 8 tail 4 room 4
load:0x40080404,len:3860
entry 0x4008063c
[0;32mI (31) boot: ESP-IDF v5.4.1 2nd stage bootloader[0m
[0;32mI (31) boot: compile time May  6 2025 11:24:01[0m
[0;32mI (31) boot: Multicore bootloader[0m
[0;32mI (32) boot: chip revision: v3.1[0m
[0;32mI (35) boot.esp32: SPI Speed      : 40MHz[0m
[0;32mI (39) boot.esp32: SPI Mode       : DIO[0m
[0;32mI (42) boot.esp32: SPI Flash Size : 4MB[0m
[0;32mI (46) boot: Enabling RNG early entropy source...[0m
[0;32mI (51) boot: Partition Table:[0m
[0;32mI (53) boot: ## Label            Usage          Type ST Offset   Length[0m
[0;32mI (59) boot:  0 nvs              WiFi data        01 02 00009000 00005000[0m
[0;32mI (66) boot:  1 phy_init         RF data          01 01 0000e000 00001000[0m
[0;32mI (72) boot:  2 factory          factory app      00 00 00010000 00100000[0m
[0;32mI (79) boot:  3 storage          Unknown data     01 82 00310000 00080000[0m
[0;32mI (86) boot: End of partition table[0m
[0;32mI (89) esp_image: segment 0: paddr=00010020 vaddr=3f400020 size=1a6f0h (108272) map[0m
[0;32mI (133) esp_image: segment 1: paddr=0002a718 vaddr=3ff80000 size=0001ch (    28) load[0m
[0;32mI (134) esp_image: segment 2: paddr=0002a73c vaddr=3ffb0000 size=03330h ( 13104) load[0m
[0;32mI (142) esp_image: segment 3: paddr=0002da74 vaddr=40080000 size=025a4h (  9636) load[0m
[0;32mI (149) esp_image: segment 4: paddr=00030020 vaddr=400d0020 size=7d5c4h (513476) map[0m
[0;32mI (328) esp_image: segment 5: paddr=000ad5ec vaddr=400825a4 size=102f0h ( 66288) load[0m
[0;32mI (363) boot: Loaded app from partition at offset 0x10000[0m
[0;32mI (363) boot: Disabling RNG early entropy source...[0m
[0;32mI (373) cpu_start: Multicore app[0m
[0;32mI (381) cpu_start: Pro cpu start user code[0m
[0;32mI (381) cpu_start: cpu freq: 160000000 Hz[0m
[0;32mI (382) app_init: Application information:[0m
[0;32mI (382) app_init: Project name:     sender[0m
[0;32mI (385) app_init: App version:      1[0m
[0;32mI (389) app_init: Compile time:     May  6 2025 11:23:53[0m
[0;32mI (394) app_init: ELF file SHA256:  7fa119a9f...[0m
[0;32mI (398) app_init: ESP-IDF:          v5.4.1[0m
[0;32mI (402) efuse_init: Min chip rev:     v0.0[0m
[0;32mI (406) efuse_init: Max chip rev:     v3.99 [0m
[0;32mI (410) efuse_init: Chip rev:         v3.1[0m
[0;32mI (414) heap_init: Initializing. RAM available for dynamic allocation:[0m
[0;32mI (420) heap_init: At 3FFAE6E0 len 00001920 (6 KiB): DRAM[0m
[0;32mI (425) heap_init: At 3FFB72F8 len 00028D08 (163 KiB): DRAM[0m
[0;32mI (430) heap_init: At 3FFE0440 len 00003AE0 (14 KiB): D/IRAM[0m
[0;32mI (436) heap_init: At 3FFE4350 len 0001BCB0 (111 KiB): D/IRAM[0m
[0;32mI (441) heap_init: At 40092894 len 0000D76C (53 KiB): IRAM[0m
[0;32mI (448) spi_flash: detected chip: generic[0m
[0;32mI (450) spi_flash: flash io: dio[0m
[0;32mI (454) main_task: Started on CPU0[0m
[0;32mI (464) main_task: Calling app_main()[0m
[0;32mI (474) sender: ESP_WIFI_MODE_AP[0m
ESP_ERROR_CHECK failed: esp_err_t 0x3001 (ESP_ERR_WIFI_NOT_INIT) at 0x400d8784
file: "./main/sender.c" line 206
func: wifi_init_softap
expression: esp_wifi_set_mode(WIFI_MODE_AP)

abort() was called at PC 0x40088f4b on core 0


Backtrace: 0x40081a6d:0x3ffb9400 0x40088f55:0x3ffb9420 0x4008fc31:0x3ffb9440 0x40088f4b:0x3ffb94b0 0x400d8784:0x3ffb94e0 0x400d8968:0x3ffb95d0 0x4014cadb:0x3ffb95f0 0x40089891:0x3ffb9620




ELF file SHA256: 7fa119a9f

Rebooting...
ets Jul 29 2019 12:21:46

rst:0xc (SW_CPU_RESET),boot:0x13 (SPI_FAST_FLASH_BOOT)
configsip: 0, SPIWP:0xee
clk_drv:0x00,q_drv:0x00,d_drv:0x00,cs0_drv:0x00,hd_drv:0x00,wp_drv:0x00
mode:DIO, clock div:2
load:0x3fff0030,len:6276
load:0x40078000,len:15748
load:0x40080400,len:4
ho 8 tail 4 room 4
load:0x40080404,len:3860
entry 0x4008063c
[0;32mI (31) boot: ESP-IDF v5.4.1 2nd stage bootloader[0m
[0;32mI (31) boot: compile time May  6 2025 11:24:01[0m
[0;32mI (31) boot: Multicore bootloader[0m
[0;32mI (32) boot: chip revision: v3.1[0m
[0;32mI (35) boot.esp32: SPI Speed      : 40MHz[0m
[0;32mI (39) boot.esp32: SPI Mode       : DIO[0m
[0;32mI (42) boot.esp32: SPI Flash Size : 4MB[0m
[0;32mI (46) boot: Enabling RNG early entropy source...[0m
[0;32mI (51) boot: Partition Table:[0m
[0;32mI (53) boot: ## Label            Usage          Type ST Offset   Length[0m
[0;32mI (59) boot:  0 nvs              WiFi data        01 02 00009000 00005000[0m
[0;32mI (66) boot:  1 phy_init         RF data          01 01 0000e000 00001000[0m
[0;32mI (72) boot:  2 factory          factory app      00 00 00010000 00100000[0m
[0;32mI (79) boot:  3 storage          Unknown data     01 82 00310000 00080000[0m
[0;32mI (86) boot: End of partition table[0m
[0;32mI (89) esp_image: segment 0: paddr=00010020 vaddr=3f400020 size=1a6f0h (108272) map[0m
[0;32mI (133) esp_image: segment 1: paddr=0002a718 vaddr=3ff80000 size=0001ch (    28) load[0m
[0;32mI (134) esp_image: segment 2: paddr=0002a73c vaddr=3ffb0000 size=03330h ( 13104) load[0m
[0;32mI (142) esp_image: segment 3: paddr=0002da74 vaddr=40080000 size=025a4h (  9636) load[0m
[0;32mI (149) esp_image: segment 4: paddr=00030020 vaddr=400d0020 size=7d5c4h (513476) map[0m
[0;32mI (328) esp_image: segment 5: paddr=000ad5ec vaddr=400825a4 size=102f0h ( 66288) load[0m
[0;32mI (363) boot: Loaded app from partition at offset 0x10000[0m
[0;32mI (363) boot: Disabling RNG early entropy source...[0m
[0;32mI (373) cpu_start: Multicore app[0m
[0;32mI (381) cpu_start: Pro cpu start user code[0m
[0;32mI (381) cpu_start: cpu freq: 160000000 Hz[0m
[0;32mI (382) app_init: Application information:[0m
[0;32mI (382) app_init: Project name:     sender[0m
[0;32mI (385) app_init: App version:      1[0m
[0;32mI (389) app_init: Compile time:     May  6 2025 11:23:53[0m
[0;32mI (394) app_init: ELF file SHA256:  7fa119a9f...[0m
[0;32mI (398) app_init: ESP-IDF:          v5.4.1[0m
[0;32mI (402) efuse_init: Min chip rev:     v0.0[0m
[0;32mI (406) efuse_init: Max chip rev:     v3.99 [0m
[0;32mI (410) efuse_init: Chip rev:         v3.1[0m
[0;32mI (414) heap_init: Initializing. RAM available for dynamic allocation:[0m
[0;32mI (420) heap_init: At 3FFAE6E0 len 00001920 (6 KiB): DRAM[0m
[0;32mI (425) heap_init: At 3FFB72F8 len 00028D08 (163 KiB): DRAM[0m
[0;32mI (430) heap_init: At 3FFE0440 len 00003AE0 (14 KiB): D/IRAM[0m
[0;32mI (436) heap_init: At 3FFE4350 len 0001BCB0 (111 KiB): D/IRAM[0m
[0;32mI (441) heap_init: At 40092894 len 0000D76C (53 KiB): IRAM[0m
[0;32mI (448) spi_flash: detected chip: generic[0m
[0;32mI (450) spi_flash: flash io: dio[0m
[0;32mI (454) main_task: Started on CPU0[0m
[0;32mI (464) main_task: Calling app_main()[0m
[0;32mI (474) sender: ESP_WIFI_MODE_AP[0m
ESP_ERROR_CHECK failed: esp_err_t 0x3001 (ESP_ERR_WIFI_NOT_INIT) at 0x400d8784
file: "./main/sender.c" line 206
func: wifi_init_softap
expression: esp_wifi_set_mode(WIFI_MODE_AP)

abort() was called at PC 0x40088f4b on core 0


Backtrace: 0x40081a6d:0x3ffb9400 0x40088f55:0x3ffb9420 0x4008fc31:0x3ffb9440 0x40088f4b:0x3ffb94b0 0x400d8784:0x3ffb94e0 0x400d8968:0x3ffb95d0 0x4014cadb:0x3ffb95f0 0x40089891:0x3ffb9620




ELF file SHA256: 7fa119a9f

Rebooting...
ets Jul 29 2019 12:21:46

rst:0xc (SW_CPU_RESET),boot:0x13 (SPI_FAST_FLASH_BOOT)
configsip: 0, SPIWP:0xee
clk_drv:0x00,q_drv:0x00,d_drv:0x00,cs0_drv:0x00,hd_drv:0x00,wp_drv:0x00
mode:DIO, clock div:2
load:0x3fff0030,len:6276
load:0x40078000,len:15748
load:0x40080400,len:4
ho 8 tail 4 room 4
load:0x40080404,len:3860
entry 0x4008063c
[0;32mI (31) boot: ESP-IDF v5.4.1 2nd stage bootloader[0m
[0;32mI (31) boot: compile time May  6 2025 11:24:01[0m
[0;32mI (31) boot: Multicore bootloader[0m
[0;32mI (32) boot: chip revision: v3.1[0m
[0;32mI (35) boot.esp32: SPI Speed      : 40MHz[0m
[0;32mI (39) boot.esp32: SPI Mode       : DIO[0m
[0;32mI (42) boot.esp32: SPI Flash Size : 4MB[0m
[0;32mI (46) boot: Enabling RNG early entropy source...[0m
[0;32mI (51) boot: Partition Table:[0m
[0;32mI (53) boot: ## Label            Usage          Type ST Offset   Length[0m
[0;32mI (59) boot:  0 nvs              WiFi data        01 02 00009000 00005000[0m
[0;32mI (66) boot:  1 phy_init         RF data          01 01 0000e000 00001000[0m
[0;32mI (72) boot:  2 factory          factory app      00 00 00010000 00100000[0m
[0;32mI (79) boot:  3 storage          Unknown data     01 82 00310000 00080000[0m
[0;32mI (86) boot: End of partition table[0m
[0;32mI (89) esp_image: segment 0: paddr=00010020 vaddr=3f400020 size=1a6f0h (108272) map[0m
[0;32mI (133) esp_image: segment 1: paddr=0002a718 vaddr=3ff80000 size=0001ch (    28) load[0m
[0;32mI (134) esp_image: segment 2: paddr=0002a73c vaddr=3ffb0000 size=03330h ( 13104) load[0m
[0;32mI (142) esp_image: segment 3: paddr=0002da74 vaddr=40080000 size=025a4h (  9636) load[0m
[0;32mI (149) esp_image: segment 4: paddr=00030020 vaddr=400d0020 size=7d5c4h (513476) map[0m
[0;32mI (328) esp_image: segment 5: paddr=000ad5ec vaddr=400825a4 size=102f0h ( 66288) load[0m
[0;32mI (363) boot: Loaded app from partition at offset 0x10000[0m
[0;32mI (363) boot: Disabling RNG early entropy source...[0m
[0;32mI (373) cpu_start: Multicore app[0m
[0;32mI (381) cpu_start: Pro cpu start user code[0m
[0;32mI (381) cpu_start: cpu freq: 160000000 Hz[0m
[0;32mI (382) app_init: Application information:[0m
[0;32mI (382) app_init: Project name:     sender[0m
[0;32mI (385) app_init: App version:      1[0m
[0;32mI (389) app_init: Compile time:     May  6 2025 11:23:53[0m
[0;32mI (394) app_init: ELF file SHA256:  7fa119a9f...[0m
[0;32mI (398) app_init: ESP-IDF:          v5.4.1[0m
[0;32mI (402) efuse_init: Min chip rev:     v0.0[0m
[0;32mI (406) efuse_init: Max chip rev:     v3.99 [0m
[0;32mI (410) efuse_init: Chip rev:         v3.1[0m
[0;32mI (414) heap_init: Initializing. RAM available for dynamic allocation:[0m
[0;32mI (420) heap_init: At 3FFAE6E0 len 00001920 (6 KiB): DRAM[0m
[0;32mI (425) heap_init: At 3FFB72F8 len 00028D08 (163 KiB): DRAM[0m
[0;32mI (430) heap_init: At 3FFE0440 len 00003AE0 (14 KiB): D/IRAM[0m
[0;32mI (436) heap_init: At 3FFE4350 len 0001BCB0 (111 KiB): D/IRAM[0m
[0;32mI (441) heap_init: At 40092894 len 0000D76C (53 KiB): IRAM[0m
[0;32mI (448) spi_flash: detected chip: generic[0m
[0;32mI (450) spi_flash: flash io: dio[0m
[0;32mI (454) main_task: Started on CPU0[0m
[0;32mI (464) main_task: Calling app_main()[0m
[0;32mI (474) sender: ESP_WIFI_MODE_AP[0m
ESP_ERROR_CHECK failed: esp_err_t 0x3001 (ESP_ERR_WIFI_NOT_INIT) at 0x400d8784
file: "./main/sender.c" line 206
func: wifi_init_softap
expression: esp_wifi_set_mode(WIFI_MODE_AP)

abort() was called at PC 0x40088f4b on core 0


Backtrace: 0x40081a6d:0x3ffb9400 0x40088f55:0x3ffb9420 0x4008fc31:0x3ffb9440 0x40088f4b:0x3ffb94b0 0x400d8784:0x3ffb94e0 0x400d8968:0x3ffb95d0 0x4014cadb:0x3ffb95f0 0x40089891:0x3ffb9620




ELF file SHA256: 7fa119a9f

Rebooting...
ets Jul 29 2019 12:21:46

rst:0xc (SW_CPU_RESET),boot:0x13 (SPI_FAST_FLASH_BOOT)
configsip: 0, SPIWP:0xee
clk_drv:0x00,q_drv:0x00,d_drv:0x00,cs0_drv:0x00,hd_drv:0x00,wp_drv:0x00
mode:DIO, clock div:2
load:0x3fff0030,len:6276
load:0x40078000,len:15748
load:0x40080400,len:4
ho 8 tail 4 room 4
load:0x40080404,len:3860
entry 0x4008063c
[0;32mI (31) boot: ESP-IDF v5.4.1 2nd stage bootloader[0m
[0;32mI (31) boot: compile time May  6 2025 11:24:01[0m
[0;32mI (31) boot: Multicore bootloader[0m
[0;32mI (32) boot: chip revision: v3.1[0m
[0;32mI (35) boot.esp32: SPI Speed      : 40MHz[0m
[0;32mI (39) boot.esp32: SPI Mode       : DIO[0m
[0;32mI (42) boot.esp32: SPI Flash Size : 4MB[0m
[0;32mI (46) boot: Enabling RNG early entropy source...[0m
[0;32mI (51) boot: Partition Table:[0m
[0;32mI (53) boot: ## Label            Usage          Type ST Offset   Length[0m
[0;32mI (59) boot:  0 nvs              WiFi data        01 02 00009000 00005000[0m
[0;32mI (66) boot:  1 phy_init         RF data          01 01 0000e000 00001000[0m
[0;32mI (72) boot:  2 factory          factory app      00 00 00010000 00100000[0m
[0;32mI (79) boot:  3 storage          Unknown data     01 82 00310000 00080000[0m
[0;32mI (86) boot: End of partition table[0m
[0;32mI (89) esp_image: segment 0: paddr=00010020 vaddr=3f400020 size=1a6f0h (108272) map[0m
[0;32mI (133) esp_image: segment 1: paddr=0002a718 vaddr=3ff80000 size=0001ch (    28) load[0m
[0;32mI (134) esp_image: segment 2: paddr=0002a73c vaddr=3ffb0000 size=03330h ( 13104) load[0m
[0;32mI (142) esp_image: segment 3: paddr=0002da74 vaddr=40080000 size=025a4h (  9636) load[0m
[0;32mI (149) esp_image: segment 4: paddr=00030020 vaddr=400d0020 size=7d5c4h (513476) map[0m
[0;32mI (328) esp_image: segment 5: paddr=000ad5ec vaddr=400825a4 size=102f0h ( 66288) load[0m
[0;32mI (363) boot: Loaded app from partition at offset 0x10000[0m
[0;32mI (363) boot: Disabling RNG early entropy source...[0m
[0;32mI (373) cpu_start: Multicore app[0m
[0;32mI (381) cpu_start: Pro cpu start user code[0m
[0;32mI (381) cpu_start: cpu freq: 160000000 Hz[0m
[0;32mI (382) app_init: Application information:[0m
[0;32mI (382) app_init: Project name:     sender[0m
[0;32mI (385) app_init: App version:      1[0m
[0;32mI (389) app_init: Compile time:     May  6 2025 11:23:53[0m
[0;32mI (394) app_init: ELF file SHA256:  7fa119a9f...[0m
[0;32mI (398) app_init: ESP-IDF:          v5.4.1[0m
[0;32mI (402) efuse_init: Min chip rev:     v0.0[0m
[0;32mI (406) efuse_init: Max chip rev:     v3.99 [0m
[0;32mI (410) efuse_init: Chip rev:         v3.1[0m
[0;32mI (414) heap_init: Initializing. RAM available for dynamic allocation:[0m
[0;32mI (420) heap_init: At 3FFAE6E0 len 00001920 (6 KiB): DRAM[0m
[0;32mI (425) heap_init: At 3FFB72F8 len 00028D08 (163 KiB): DRAM[0m
[0;32mI (430) heap_init: At 3FFE0440 len 00003AE0 (14 KiB): D/IRAM[0m
[0;32mI (436) heap_init: At 3FFE4350 len 0001BCB0 (111 KiB): D/IRAM[0m
[0;32mI (441) heap_init: At 40092894 len 0000D76C (53 KiB): IRAM[0m
[0;32mI (448) spi_flash: detected chip: generic[0m
[0;32mI (450) spi_flash: flash io: dio[0m
[0;32mI (454) main_task: Started on CPU0[0m
[0;32mI (464) main_task: Calling app_main()[0m
[0;32mI (474) sender: ESP_WIFI_MODE_AP[0m
ESP_ERROR_CHECK failed: esp_err_t 0x3001 (ESP_ERR_WIFI_NOT_INIT) at 0x400d8784
file: "./main/sender.c" line 206
func: wifi_init_softap
expression: esp_wifi_set_mode(WIFI_MODE_AP)

abort() was called at PC 0x40088f4b on core 0


Backtrace: 0x40081a6d:0x3ffb9400 0x40088f55:0x3ffb9420 0x4008fc31:0x3ffb9440 0x40088f4b:0x3ffb94b0 0x400d8784:0x3f
fb94e0 0x400d8968:0x3ffb95d0 0x4
014cadb:0x3ffb95f0 0x40089891:0x
3ffb9620




ELF file SHA256: 7fa119a9f

Rebooting...
ets Jul 29 2019 12:21:46

rst:0xc (SW_CPU_RESET),boot:0x13 (SPI_FAST_FLASH_BOOT)
configsip: 0, SPIWP:0xee
clk_drv:0x00,q_drv:0x00,d_drv:0x00,cs0_drv:0x00,hd_drv:0x00,wp_drv:0x00
mode:DIO, clock div:2
load:0x3fff0030,len:6276
load:0x40078000,len:15748
load:0x40080400,len:4
ho 8 tail 4 room 4
load:0x40080404,len:3860
entry 0x4008063c
[0;32mI (31) boot: ESP-IDF v5.4.1 2nd stage bootloader[0m
[0;32mI (31) boot: compile time May  6 2025 11:24:01[0m
[0;32mI (31) boot: Multicore bootloader[0m
[0;32mI (32) boot: chip revision: v3.1[0m
[0;32mI (35) boot.esp32: SPI Speed      : 40MHz[0m
[0;32mI (39) boot.esp32: SPI Mode       : DIO[0m
[0;32mI (42) boot.esp32: SPI Flash Size : 4MB[0m
[0;32mI (46) boot: Enabling RNG early entropy source...[0m
[0;32mI (51) boot: Partition Table:[0m
[0;32mI (53) boot: ## Label            Usage          Type ST Offset   Length[0m
[0;32mI (59) boot:  0 nvs              WiFi data        01 02 00009000 00005000[0m
[0;32mI (66) boot:  1 phy_init         RF data          01 01 0000e000 00001000[0m
[0;32mI (72) boot:  2 factory          factory app      00 00 00010000 00100000[0m
[0;32mI (79) boot:  3 storage          Unknown data     01 82 00310000 00080000[0m
[0;32mI (86) boot: End of partition table[0m
[0;32mI (89) esp_image: segment 0: paddr=00010020 vaddr=3f400020 size=1a6f0h (108272) map[0m
[0;32mI (133) esp_image: segment 1: paddr=0002a718 vaddr=3ff80000 size=0001ch (    28) load[0m
[0;32mI (134) esp_image: segment 2: paddr=0002a73c vaddr=3ffb0000 size=03330h ( 13104) load[0m
[0;32mI (142) esp_image: segment 3: paddr=0002da74 vaddr=40080000 size=025a4h (  9636) load[0m
[0;32mI (149) esp_image: segment 4: paddr=00030020 vaddr=400d0020 size=7d5c4h (513476) map[0m
[0;32mI (328) esp_image: segment 5: paddr=000ad5ec vaddr=400825a4 size=102f0h ( 66288) load[0m
[0;32mI (363) boot: Loaded app from partition at offset 0x10000[0m
[0;32mI (363) boot: Disabling RNG early entropy source...[0m
[0;32mI (373) cpu_start: Multicore app[0m
[0;32mI (381) cpu_start: Pro cpu start user code[0m
[0;32mI (381) cpu_start: cpu freq: 160000000 Hz[0m
[0;32mI (382) app_init: Application information:[0m
[0;32mI (382) app_init: Project name:     sender[0m
[0;32mI (385) app_init: App version:      1[0m
[0;32mI (389) app_init: Compile time:     May  6 2025 11:23:53[0m
[0;32mI (394) app_init: ELF file SHA256:  7fa119a9f...[0m
[0;32mI (398) app_init: ESP-IDF:          v5.4.1[0m
[0;32mI (402) efuse_init: Min chip rev:     v0.0[0m
[0;32mI (406) efuse_init: Max chip rev:     v3.99 [0m
[0;32mI (410) efuse_init: Chip rev:         v3.1[0m
[0;32mI (414) heap_init: Initializing. RAM available for dynamic allocation:[0m
[0;32mI (420) heap_init: At 3FFAE6E0 len 00001920 (6 KiB): DRAM[0m
[0;32mI (425) heap_init: At 3FFB72F8 len 00028D08 (163 KiB): DRAM[0m
[0;32mI (430) heap_init: At 3FFE0440 len 00003AE0 (14 KiB): D/IRAM[0m
[0;32mI (436) heap_init: At 3FFE4350 len 0001BCB0 (111 KiB): D/IRAM[0m
[0;32mI (441) heap_init: At 40092894 len 0000D76C (53 KiB): IRAM[0m
[0;32mI (448) spi_flash: detected chip: generic[0m
[0;32mI (450) spi_flash: flash io: dio[0m
[0;32mI (454) main_task: Started on CPU0[0m
[0;32mI (464) main_task: Calling app_main()[0m
[0;32mI (474) sender: ESP_WIFI_MODE_AP[0m
ESP_ERROR_CHECK failed: esp_err_t 0x3001 (ESP_ERR_WIFI_NOT_INIT) at 0x400d8784
file: "./main/sender.c" line 206
func: wifi_init_softap
expression: esp_wifi_set_mode(WIFI_MODE_AP)

abort() was called at PC 0x40088f4b on core 0


Backtrace: 0x40081a6d:0x3ffb9400 0x40088f55:0x3ffb9420 0x4008fc31:0x3ffb9440 0x40088f4b:0x3ffb94b0 0x400d8784:0x3ffb94e0 0x400d8968:0x3ffb95d0 0x4014cadb:0x3ffb95f0 0x40089891:0x3ffb9620




ELF file SHA256: 7fa119a9f

Rebooting...
ets Jul 29 2019 12:21:46

rst:0xc (SW_CPU_RESET),boot:0x13 (SPI_FAST_FLASH_BOOT)
configsip: 0, SPIWP:0xee
clk_drv:0x00,q_drv:0x00,d_drv:0x00,cs0_drv:0x00,hd_drv:0x00,wp_drv:0x00
mode:DIO, clock div:2
load:0x3fff0030,len:6276
load:0x40078000,len:15748
load:0x40080400,len:4
ho 8 tail 4 room 4
load:0x40080404,len:3860
entry 0x4008063c
[0;32mI (31) boot: ESP-IDF v5.4.1 2nd stage bootloader[0m
[0;32mI (31) boot: compile time May  6 2025 11:24:01[0m
[0;32mI (31) boot: Multicore bootloader[0m
[0;32mI (32) boot: chip revision: v3.1[0m
[0;32mI (35) boot.esp32: SPI Speed      : 40MHz[0m
[0;32mI (39) boot.esp32: SPI Mode       : DIO[0m
[0;32mI (42) boot.esp32: SPI Flash Size : 4MB[0m
[0;32mI (46) boot: Enabling RNG early entropy source...[0m
[0;32mI (51) boot: Partition Table:[0m
[0;32mI (53) boot: ## Label            Usage          Type ST Offset   Length[0m
[0;32mI (59) boot:  0 nvs              WiFi data        01 02 00009000 00005000[0m
[0;32mI (66) boot:  1 phy_init         RF data          01 01 0000e000 00001000[0m
[0;32mI (72) boot:  2 factory          factory app      00 00 00010000 00100000[0m
[0;32mI (79) boot:  3 storage          Unknown data     01 82 00310000 00080000[0m
[0;32mI (86) boot: End of partition table[0m
[0;32mI (89) esp_image: segment 0: paddr=00010020 vaddr=3f400020 size=1a6f0h (108272) map[0m
[0;32mI (133) esp_image: segment 1: paddr=0002a718 vaddr=3ff80000 size=0001ch (    28) load[0m
[0;32mI (134) esp_image: segment 2: paddr=0002a73c vaddr=3ffb0000 size=03330h ( 13104) load[0m
[0;32mI (142) esp_image: segment 3: paddr=0002da74 vaddr=40080000 size=025a4h (  9636) load[0m
[0;32mI (149) esp_image: segment 4: paddr=00030020 vaddr=400d0020 size=7d5c4h (513476) map[0m
[0;32mI (328) esp_image: segment 5: paddr=000ad5ec vaddr=400825a4 size=102f0h ( 66288) load[0m
[0;32mI (363) boot: Loaded app from partition at offset 0x10000[0m
I (363) boot: Disabling RNG early entropy source...
[0;32mI (373) cpu_start: Multicore app[0m
[0;32mI (381) cpu_start: Pro cpu start user code[0m
[0;32mI (381) cpu_start: cpu freq: 160000000 Hz[0m
[0;32mI (382) app_init: Application information:[0m
[0;32mI (382) app_init: Project name:     sender[0m
[0;32mI (385) app_init: App version:      1[0m
[0;32mI (389) app_init: Compile time:     May  6 2025 11:23:53[0m
[0;32mI (394) app_init: ELF file SHA256:  7fa119a9f...[0m
[0;32mI (398) app_init: ESP-IDF:          v5.4.1[0m
[0;32mI (402) efuse_init: Min chip rev:     v0.0[0m
[0;32mI (406) efuse_init: Max chip rev:     v3.99 [0m
[0;32mI (410) efuse_init: Chip rev:         v3.1[0m
[0;32mI (414) heap_init: Initializing. RAM available for dynamic allocation:[0m
[0;32mI (420) heap_init: At 3FFAE6E0 len 00001920 (6 KiB): DRAM[0m
[0;32mI (425) heap_init: At 3FFB72F8 len 00028D08 (163 KiB): DRAM[0m
[0;32mI (430) heap_init: At 3FFE0440 len 00003AE0 (14 KiB): D/IRAM[0m
[0;32mI (436) heap_init: At 3FFE4350 len 0001BCB0 (111 KiB): D/IRAM[0m
[0;32mI (441) heap_init: At 40092894 len 0000D76C (53 KiB): IRAM[0m
[0;32mI (448) spi_flash: detected chip: generic[0m
[0;32mI (450) spi_flash: flash io: dio[0m
[0;32mI (454) main_task: Started on CPU0[0m
[0;32mI (464) main_task: Calling app_main()[0m
[0;32mI (474) sender: ESP_WIFI_MODE_AP[0m
ESP_ERROR_CHECK failed: esp_err_t 0x3001 (ESP_ERR_WIFI_NOT_INIT) at 0x400d8784
file: "./main/sender.c" line 206
func: wifi_init_softap
expression: esp_wifi_set_mode(WIFI_MODE_AP)

abort() was called at PC 0x40088f4b on core 0


Backtrace: 0x40081a6d:0x3ffb9400 0x40088f55:0x3ffb9420 0x4008fc31:0x3ffb9440 0x40088f4b:0x3ffb94b0 0x400d8784:0x3ffb94e0 0x400d8968:0x3ffb95d0 0x4014cadb:0x3ffb95f0 0x40089891:0x3ffb9620




ELF file SHA256: 7fa119a9f

Rebooting...
ets Jul 29 2019 12:21:46

rst:0xc (SW_CPU_RESET),boot:0x13 (SPI_FAST_FLASH_BOOT)
configsip: 0, SPIWP:0xee
clk_drv:0x00,q_drv:0x00,d_drv:0x00,cs0_drv:0x00,hd_drv:0x00,wp_drv:0x00
mode:DIO, clock div:2
load:0x3fff0030,len:6276
load:0x40078000,len:15748
load:0x40080400,len:4
ho 8 tail 4 room 4
load:0x40080404,len:3860
entry 0x4008063c
[0;32mI (31) boot: ESP-IDF v5.4.1 2nd stage bootloader[0m
[0;32mI (31) boot: compile time May  6 2025 11:24:01[0m
[0;32mI (31) boot: Multicore bootloader[0m
[0;32mI (32) boot: chip revision: v3.1[0m
[0;32mI (35) boot.esp32: SPI Speed      : 40MHz[0m
[0;32mI (39) boot.esp32: SPI Mode       : DIO[0m
[0;32mI (42) boot.esp32: SPI Flash Size : 4MB[0m
[0;32mI (46) boot: Enabling RNG early entropy source...[0m
[0;32mI (51) boot: Partition Table:[0m
[0;32mI (53) boot: ## Label            Usage          Type ST Offset   Length[0m
[0;32mI (59) boot:  0 nvs              WiFi data        01 02 00009000 00005000[0m
[0;32mI (66) boot:  1 phy_init         RF data          01 01 0000e000 00001000[0m
[0;32mI (73) boot:  2 factory          factory app      00 00 00010000 00100000[0m
[0;32mI (79) boot:  3 storage          Unknown data     01 82 00310000 00080000[0m
[0;32mI (86) boot: End of partition table[0m
[0;32mI (89) esp_image: segment 0: paddr=00010020 vaddr=3f400020 size=1a6f0h (108272) map[0m
[0;32mI (133) esp_image: segment 1: paddr=0002a718 vaddr=3ff80000 size=0001ch (    28) load[0m
[0;32mI (134) esp_image: segment 2: paddr=0002a73c vaddr=3ffb0000 size=03330h ( 13104) load[0m
[0;32mI (142) esp_image: segment 3: paddr=0002da74 vaddr=40080000 size=025a4h (  9636) load[0m
[0;32mI (149) esp_image: segment 4: paddr=00030020 vaddr=400d0020 size=7d5c4h (513476) map[0m
[0;32mI (328) esp_image: segment 5: paddr=000ad5ec vaddr=400825a4 size=102f0h ( 66288) load[0m
[0;32mI (363) boot: Loaded app from partition at offset 0x10000[0m
[0;32mI (363) boot: Disabling RNG early entropy source...[0m
[0;32mI (373) cpu_start: Multicore app[0m
[0;32mI (381) cpu_start: Pro cpu start user code[0m
[0;32mI (381) cpu_start: cpu freq: 160000000 Hz[0m
[0;32mI (382) app_init: Application information:[0m
[0;32mI (382) app_init: Project name:     sender[0m
[0;32mI (385) app_init: App version:      1[0m
[0;32mI (389) app_init: Compile time:     May  6 2025 11:23:53[0m
[0;32mI (394) app_init: ELF file SHA256:  7fa119a9f...[0m
[0;32mI (398) app_init: ESP-IDF:          v5.4.1[0m
[0;32mI (402) efuse_init: Min chip rev:     v0.0[0m
[0;32mI (406) efuse_init: Max chip rev:     v3.99 [0m
[0;32mI (410) efuse_init: Chip rev:         v3.1[0m
[0;32mI (414) heap_init: Initializing. RAM available for dynamic allocation:[0m
[0;32mI (420) heap_init: At 3FFAE6E0 len 00001920 (6 KiB): DRAM[0m
[0;32mI (425) heap_init: At 3FFB72F8 len 00028D08 (163 KiB): DRAM[0m
[0;32mI (430) heap_init: At 3FFE0440 len 00003AE0 (14 KiB): D/IRAM[0m
[0;32mI (436) heap_init: At 3FFE4350 len 0001BCB0 (111 KiB): D/IRAM[0m
[0;32mI (441) heap_init: At 40092894 len 0000D76C (53 KiB): IRAM[0m
[0;32mI (448) spi_flash: detected chip: generic[0m
[0;32mI (450) spi_flash: flash io: dio[0m
[0;32mI (454) main_task: Started on CPU0[0m
[0;32mI (464) main_task: Calling app_main()[0m
[0;32mI (474) sender: ESP_WIFI_MODE_AP[0m
ESP_ERROR_CHECK failed: esp_err_t 0x3001 (ESP_ERR_WIFI_NOT_INIT) at 0x400d8784
file: "./main/sender.c" line 206
func: wifi_init_softap
expression: esp_wifi_set_mode(WIFI_MODE_AP)

abort() was called at PC 0x40088f4b on core 0


Backtrace: 0x40081a6d:0x3ffb9400 0x40088f55:0x3ffb9420 0x4008fc31:0x3ffb9440 0x40088f4b:0x3ffb94b0 0x400d8784:0x3ffb94e0 0x400d8968:0x3ffb95d0 0x4014cadb:0x3ffb95f0 0x40089891:0x3ffb9620




ELF file SHA256: 7fa119a9f

Rebooting...
ets Jul 29 2019 12:21:46

rst:0xc (SW_CPU_RESET),boot:0x13 (SPI_FAST_FLASH_BOOT)
configsip: 0, SPIWP:0xee
clk_drv:0x00,q_drv:0x00,d_drv:0x00,cs0_drv:0x00,hd_drv:0x00,wp_drv:0x00
mode:DIO, clock div:2
load:0x3fff0030,len:6276
load:0x40078000,len:15748
load:0x40080400,len:4
ho 8 tail 4 room 4
load:0x40080404,len:3860
entry 0x4008063c
[0;32mI (31) boot: ESP-IDF v5.4.1 2nd stage bootloader[0m
[0;32mI (31) boot: compile time May  6 2025 11:24:01[0m
[0;32mI (31) boot: Multicore bootloader[0m
[0;32mI (32) boot: chip revision: v3.1[0m
[0;32mI (35) boot.esp32: SPI Speed      : 40MHz[0m
[0;32mI (39) boot.esp32: SPI Mode       : DIO[0m
[0;32mI (42) boot.esp32: SPI Flash Size : 4MB[0m
[0;32mI (46) boot: Enabling RNG early entropy source...[0m
[0;32mI (51) boot: Partition Table:[0m
[0;32mI (53) boot: ## Label            Usage          Type ST Offset   Length[0m
[0;32mI (59) boot:  0 nvs              WiFi data        01 02 00009000 00005000[0m
[0;32mI (66) boot:  1 phy_init         RF data          01 01 0000e000 00001000[0m
[0;32mI (73) boot:  2 factory          factory app      00 00 00010000 00100000[0m
[0;32mI (79) boot:  3 storage          Unknown data     01 82 00310000 00080000[0m
[0;32mI (86) boot: End of partition table[0m
[0;32mI (89) esp_image: segment 0: paddr=00010020 vaddr=3f400020 size=1a6f0h (108272) map[0m
[0;32mI (133) esp_image: segment 1: paddr=0002a718 vaddr=3ff80000 size=0001ch (    28) load[0m
[0;32mI (134) esp_image: segment 2: paddr=0002a73c vaddr=3ffb0000 size=03330h ( 13104) load[0m
[0;32mI (142) esp_image: segment 3: paddr=0002da74 vaddr=40080000 size=025a4h (  9636) load[0m
[0;32mI (149) esp_image: segment 4: paddr=00030020 vaddr=400d0020 size=7d5c4h (513476) map[0m
[0;32mI (328) esp_image: segment 5: paddr=000ad5ec vaddr=400825a4 size=102f0h ( 66288) load[0m
[0;32mI (363) boot: Loaded app from partition at offset 0x10000[0m
[0;32mI (363) boot: Disabling RNG early entropy source...[0m
[0;32mI (373) cpu_start: Multicore app[0m
[0;32mI (381) cpu_start: Pro cpu start user code[0m
[0;32mI (381) cpu_start: cpu freq: 160000000 Hz[0m
[0;32mI (382) app_init: Application information:[0m
[0;32mI (382) app_init: Project name:     sender[0m
[0;32mI (385) app_init: App version:      1[0m
[0;32mI (389) app_init: Compile time:     May  6 2025 11:23:53[0m
[0;32mI (394) app_init: ELF file SHA256:  7fa119a9f...[0m
[0;32mI (398) app_init: ESP-IDF:          v5.4.1[0m
[0;32mI (402) efuse_init: Min chip rev:     v0.0[0m
[0;32mI (406) efuse_init: Max chip rev:     v3.99 [0m
[0;32mI (410) efuse_init: Chip rev:         v3.1[0m
[0;32mI (414) heap_init: Initializing. RAM available for dynamic allocation:[0m
[0;32mI (420) heap_init: At 3FFAE6E0 len 00001920 (6 KiB): DRAM[0m
[0;32mI (425) heap_init: At 3FFB72F8 len 00028D08 (163 KiB): DRAM[0m
[0;32mI (430) heap_init: At 3FFE0440 len 00003AE0 (14 KiB): D/IRAM[0m
[0;32mI (436) heap_init: At 3FFE4350 len 0001BCB0 (111 KiB): D/IRAM[0m
[0;32mI (441) heap_init: At 40092894 len 0000D76C (53 KiB): IRAM[0m
[0;32mI (448) spi_flash: detected chip: generic[0m
[0;32mI (450) spi_flash: flash io: dio[0m
[0;32mI (454) main_task: Started on CPU0[0m
[0;32mI (464) main_task: Calling app_main()[0m
[0;32mI (474) sender: ESP_WIFI_MODE_AP[0m
ESP_ERROR_CHECK failed: esp_err_t 0x3001 (ESP_ERR_WIFI_NOT_INIT) at 0x400d8784
file: "./main/sender.c" line 206
func: wifi_init_softap
expression: esp_wifi_set_mode(WIFI_MODE_AP)

abort() was called at PC 0x40088f4b on core 0


Backtrace: 0x40081a6d:0x3ffb9400 0x40088f55:0x3ffb9420 0x4008fc31:0x3ffb9440 0x40088f4b:0x3ffb94b0 0x400d8784:0x3ffb94e0 0x400d8968:0x3ffb95d0 0x4014cadb:0x3ffb95f0 0x40089891:0x3ffb9620




ELF file SHA256: 7fa119a9f

Rebooting...
ets Jul 29 2019 12:21:46

rst:0xc (SW_CPU_RESET),boot:0x13 (SPI_FAST_FLASH_BOOT)
configsip: 0, SPIWP:0xee
clk_drv:0x00,q_drv:0x00,d_drv:0x00,cs0_drv:0x00,hd_drv:0x00,wp_drv:0x00
mode:DIO, clock div:2
load:0x3fff0030,len:6276
load:0x40078000,len:15748
load:0x40080400,len:4
ho 8 tail 4 room 4
load:0x40080404,len:3860
entry 0x4008063c
[0;32mI (31) boot: ESP-IDF v5.4.1 2nd stage bootloader[0m
[0;32mI (31) boot: compile time May  6 2025 11:24:01[0m
[0;32mI (31) boot: Multicore bootloader[0m
[0;32mI (32) boot: chip revision: v3.1[0m
[0;32mI (35) boot.esp32: SPI Speed      : 40MHz[0m
[0;32mI (39) boot.esp32: SPI Mode       : DIO[0m
[0;32mI (42) boot.esp32: SPI Flash Size : 4MB[0m
[0;32mI (46) boot: Enabling RNG early entropy source...[0m
[0;32mI (51) boot: Partition Table:[0m
[0;32mI (53) boot: ## Label            Usage          Type ST Offset   Length[0m
[0;32mI (59) boot:  0 nvs              WiFi data        01 02 00009000 00005000[0m
[0;32mI (66) boot:  1 phy_init         RF data          01 01 0000e000 00001000[0m
[0;32mI (72) boot:  2 factory          factory app      00 00 00010000 00100000[0m
[0;32mI (79) boot:  3 storage          Unknown data     01 82 00310000 00080000[0m
[0;32mI (86) boot: End of partition table[0m
[0;32mI (89) esp_image: segment 0: paddr=00010020 vaddr=3f400020 size=1a6f0h (108272) map[0m
[0;32mI (133) esp_image: segment 1: paddr=0002a718 vaddr=3ff80000 size=0001ch (    28) load[0m
[0;32mI (134) esp_image: segment 2: paddr=0002a73c vaddr=3ffb0000 size=03330h ( 13104) load[0m
[0;32mI (142) esp_image: segment 3: paddr=0002da74 vaddr=40080000 size=025a4h (  9636) load[0m
[0;32mI (149) esp_image: segment 4: paddr=00030020 vaddr=400d0020 size=7d5c4h (513476) map[0m
[0;32mI (328) esp_image: segment 5: paddr=000ad5ec vaddr=400825a4 size=102f0h ( 66288) load[0m
[0;32mI (363) boot: Loaded app from partition at offset 0x10000[0m
[0;32mI (363) boot: Disabling RNG early entropy source...[0m
[0;32mI (373) cpu_start: Multicore app[0m
[0;32mI (381) cpu_start: Pro cpu start user code[0m
[0;32mI (381) cpu_start: cpu freq: 160000000 Hz[0m
[0;32mI (382) app_init: Application information:[0m
[0;32mI (382) app_init: Project name:     sender[0m
[0;32mI (385) app_init: App version:      1[0m
[0;32mI (389) app_init: Compile time:     May  6 2025 11:23:53[0m
[0;32mI (394) app_init: ELF file SHA256:  7fa119a9f...[0m
[0;32mI (398) app_init: ESP-IDF:          v5.4.1[0m
[0;32mI (402) efuse_init: Min chip rev:     v0.0[0m
[0;32mI (406) efuse_init: Max chip rev:     v3.99 [0m
[0;32mI (410) efuse_init: Chip rev:         v3.1[0m
[0;32mI (414) heap_init: Initializing. RAM available for dynamic allocation:[0m
[0;32mI (420) heap_init: At 3FFAE6E0 len 00001920 (6 KiB): DRAM[0m
[0;32mI (425) heap_init: At 3FFB72F8 len 00028D08 (163 KiB): DRAM[0m
[0;32mI (430) heap_init: At 3FFE0440 len 00003AE0 (14 KiB): D/IRAM[0m
[0;32mI (436) heap_init: At 3FFE4350 len 0001BCB0 (111 KiB): D/IRAM[0m
[0;32mI (441) heap_init: At 40092894 len 0000D76C (53 KiB): IRAM[0m
[0;32mI (448) spi_flash: detected chip: generic[0m
[0;32mI (450) spi_flash: flash io: dio[0m
[0;32mI (454) main_task: Started on CPU0[0m
[0;32mI (464) main_task: Calling app_main()[0m
[0;32mI (474) sender: ESP_WIFI_MODE_AP[0m
ESP_ERROR_CHECK failed: esp_err_t 0x3001 (ESP_ERR_WIFI_NOT_INIT) at 0x400d8784
file: "./main/sender.c" line 206
func: wifi_init_softap
expression: esp_wifi_set_mode(WIFI_MODE_AP)

abort() was called at PC 0x40088f4b on core 0


Backtrace: 0x40081a6d:0x3ffb9400 0x40088f55:0x3ffb9420 0x4008fc31:0x3ffb9440 0x40088f4b:0x3ffb94b0 0x400d8784:0x3ffb94e0 0x400d8968:0x3ffb95d0 0x4014cadb:0x3ffb95f0 0x40089891:0x3ffb9620




ELF file SHA256: 7fa119a9f

Rebooting...
ets Jul 29 2019 12:21:46

rst:0xc (SW_CPU_RESET),boot:0x13 (SPI_FAST_FLASH_BOOT)
configsip: 0, SPIWP:0xee
clk_drv:0x00,q_drv:0x00,d_drv:0x00,cs0_drv:0x00,hd_drv:0x00,wp_drv:0x00
mode:DIO, clock div:2
load:0x3fff0030,len:6276
load:0x40078000,len:15748
load:0x40080400,len:4
ho 8 tail 4 room 4
load:0x40080404,len:3860
entry 0x4008063c
[0;32mI (31) boot: ESP-IDF v5.4.1 2nd stage bootloader[0m
[0;32mI (31) boot: compile time May  6 2025 11:24:01[0m
[0;32mI (31) boot: Multicore bootloader[0m
[0;32mI (32) boot: chip revision: v3.1[0m
[0;32mI (35) boot.esp32: SPI Speed      : 40MHz[0m
[0;32mI (39) boot.esp32: SPI Mode       : DIO[0m
[0;32mI (42) boot.esp32: SPI Flash Size : 4MB[0m
[0;32mI (46) boot: Enabling RNG early entropy source...[0m
[0;32mI (51) boot: Partition Table:[0m
[0;32mI (53) boot: ## Label            Usage          Type ST Offset   Length[0m
[0;32mI (59) boot:  0 nvs              WiFi data        01 02 00009000 00005000[0m
[0;32mI (66) boot:  1 phy_init         RF data          01 01 0000e000 00001000[0m
[0;32mI (73) boot:  2 factory          factory app      00 00 00010000 00100000[0m
[0;32mI (79) boot:  3 storage          Unknown data     01 82 00310000 00080000[0m
[0;32mI (86) boot: End of partition table[0m
[0;32mI (89) esp_image: segment 0: paddr=00010020 vaddr=3f400020 size=1a6f0h (108272) map[0m
[0;32mI (133) esp_image: segment 1: paddr=0002a718 vaddr=3ff80000 size=0001ch (    28) load[0m
[0;32mI (134) esp_image: segment 2: paddr=0002a73c vaddr=3ffb0000 size=03330h ( 13104) load[0m
[0;32mI (142) esp_image: segment 3: paddr=0002da74 vaddr=40080000 size=025a4h (  9636) load[0m
[0;32mI (149) esp_image: segment 4: paddr=00030020 vaddr=400d0020 size=7d5c4h (513476) map[0m
[0;32mI (328) esp_image: segment 5: paddr=000ad5ec vaddr=400825a4 size=102f0h ( 66288) load[0m
[0;32mI (363) boot: Loaded app from partition at offset 0x10000[0m
[0;32mI (363) boot: Disabling RNG early entropy source...[0m
[0;32mI (373) cpu_start: Multicore app[0m
[0;32mI (381) cpu_start: Pro cpu start user code[0m
[0;32mI (381) cpu_start: cpu freq: 160000000 Hz[0m
[0;32mI (382) app_init: Application information:[0m
[0;32mI (382) app_init: Project name:     sender[0m
[0;32mI (385) app_init: App version:      1[0m
[0;32mI (389) app_init: Compile time:     May  6 2025 11:23:53[0m
[0;32mI (394) app_init: ELF file SHA256:  7fa119a9f...[0m
[0;32mI (398) app_init: ESP-IDF:          v5.4.1[0m
[0;32mI (402) efuse_init: Min chip rev:     v0.0[0m
[0;32mI (406) efuse_init: Max chip rev:     v3.99 [0m
[0;32mI (410) efuse_init: Chip rev:         v3.1[0m
[0;32mI (414) heap_init: Initializing. RAM available for dynamic allocation:[0m
[0;32mI (420) heap_init: At 3FFAE6E0 len 00001920 (6 KiB): DRAM[0m
[0;32mI (425) heap_init: At 3FFB72F8 len 00028D08 (163 KiB): DRAM[0m
[0;32mI (430) heap_init: At 3FFE0440 len 00003AE0 (14 KiB): D/IRAM[0m
[0;32mI (436) heap_init: At 3FFE4350 len 0001BCB0 (111 KiB): D/IRAM[0m
[0;32mI (441) heap_init: At 40092894 len 0000D76C (53 KiB): IRAM[0m
[0;32mI (448) spi_flash: detected chip: generic[0m
[0;32mI (450) spi_flash: flash io: dio[0m
[0;32mI (454) main_task: Started on CPU0[0m
[0;32mI (464) main_task: Calling app_main()[0m
[0;32mI (474) sender: ESP_WIFI_MODE_AP[0m
ESP_ERROR_CHECK failed: esp_err_t 0x3001 (ESP_ERR_WIFI_NOT_INIT) at 0x400d8784
file: "./main/sender.c" line 206
func: wifi_init_softap
expression: esp_wifi_set_mode(WIFI_MODE_AP)

abort() was called at PC 0x40088f4b on core 0


Backtrace: 0x40081a6d:0x3ffb9400 0x40088f55:0x3ffb9420 0x4008fc31:0x3ffb9440 0x40088f4b:0x3ffb94b0 0x400d8784:0x3ffb94e0 0x400d8968:0x3ffb95d0 0x4014cadb:0x3ffb95f0 0x40089891:0x3ffb9620




ELF file SHA256: 7fa119a9f

Rebooting...
ets Jul 29 2019 12:21:46

rst:0xc (SW_CPU_RESET),boot:0x13 (SPI_FAST_FLASH_BOOT)
configsip: 0, SPIWP:0xee
clk_drv:0x00,q_drv:0x00,d_drv:0x00,cs0_drv:0x00,hd_drv:0x00,wp_drv:0x00
mode:DIO, clock div:2
load:0x3fff0030,len:6276
load:0x40078000,len:15748
load:0x40080400,len:4
ho 8 tail 4 room 4
load:0x40080404,len:3860
entry 0x4008063c
[0;32mI (31) boot: ESP-IDF v5.4.1 2nd stage bootloader[0m
[0;32mI (31) boot: compile time May  6 2025 11:24:01[0m
[0;32mI (31) boot: Multicore bootloader[0m
[0;32mI (32) boot: chip revision: v3.1[0m
[0;32mI (35) boot.esp32: SPI Speed      : 40MHz[0m
[0;32mI (39) boot.esp32: SPI Mode       : DIO[0m
[0;32mI (42) boot.esp32: SPI Flash Size : 4MB[0m
[0;32mI (46) boot: Enabling RNG early entropy source...[0m
[0;32mI (51) boot: Partition Table:[0m
[0;32mI (53) boot: ## Label            Usage          Type ST Offset   Length[0m
[0;32mI (59) boot:  0 nvs              WiFi data        01 02 00009000 00005000[0m
[0;32mI (66) boot:  1 phy_init         RF data          01 01 0000e000 00001000[0m
[0;32mI (72) boot:  2 factory          factory app      00 00 00010000 00100000[0m
[0;32mI (79) boot:  3 storage          Unknown data     01 82 00310000 00080000[0m
[0;32mI (86) boot: End of partition table[0m
[0;32mI (89) esp_image: segment 0: paddr=00010020 vaddr=3f400020 size=1a6f0h (108272) map[0m
[0;32mI (133) esp_image: segment 1: paddr=0002a718 vaddr=3ff80000 size=0001ch (    28) load[0m
[0;32mI (134) esp_image: segment 2: paddr=0002a73c vaddr=3ffb0000 size=03330h ( 13104) load[0m
[0;32mI (142) esp_image: segment 3: paddr=0002da74 vaddr=40080000 size=025a4h (  9636) load[0m
[0;32mI (149) esp_image: segment 4: paddr=00030020 vaddr=400d0020 size=7d5c4h (513476) map[0m
[0;32mI (328) esp_image: segment 5: paddr=000ad5ec vaddr=400825a4 size=102f0h ( 66288) load[0m
[0;32mI (363) boot: Loaded app from partition at offset 0x10000[0m
[0;32mI (363) boot: Disabling RNG early entropy source...[0m
[0;32mI (373) cpu_start: Multicore app[0m
[0;32mI (381) cpu_start: Pro cpu start user code[0m
[0;32mI (381) cpu_start: cpu freq: 160000000 Hz[0m
[0;32mI (382) app_init: Application information:[0m
[0;32mI (382) app_init: Project name:     sender[0m
[0;32mI (385) app_init: App version:      1[0m
[0;32mI (389) app_init: Compile time:     May  6 2025 11:23:53[0m
[0;32mI (394) app_init: ELF file SHA256:  7fa119a9f...[0m
[0;32mI (398) app_init: ESP-IDF:          v5.4.1[0m
[0;32mI (402) efuse_init: Min chip rev:     v0.0[0m
[0;32mI (406) efuse_init: Max chip rev:     v3.99 [0m
[0;32mI (410) efuse_init: Chip rev:         v3.1[0m
[0;32mI (414) heap_init: Initializing. RAM available for dynamic allocation:[0m
[0;32mI (420) heap_init: At 3FFAE6E0 len 00001920 (6 KiB): DRAM[0m
[0;32mI (425) heap_init: At 3FFB72F8 len 00028D08 (163 KiB): DRAM[0m
[0;32mI (430) heap_init: At 3FFE0440 len 00003AE0 (14 KiB): D/IRAM[0m
[0;32mI (436) heap_init: At 3FFE4350 len 0001BCB0 (111 KiB): D/IRAM[0m
[0;32mI (441) heap_init: At 40092894 len 0000D76C (53 KiB): IRAM[0m
[0;32mI (448) spi_flash: detected chip: generic[0m
[0;32mI (450) spi_flash: flash io: dio[0m
[0;32mI (454) main_task: Started on CPU0[0m
[0;32mI (464) main_task: Calling app_main()[0m
[0;32mI (474) sender: ESP_WIFI_MODE_AP[0m
ESP_ERROR_CHECK failed: esp_err_t 0x3001 (ESP_ERR_WIFI_NOT_INIT) at 0x400d8784
file: "./main/sender.c" line 206
func: wifi_init_softap
expression: esp_wifi_set_mode(WIFI_MODE_AP)

abort() was called at PC 0x40088f4b on core 0


Backtrace: 0x40081a6d:0x3ffb9400 0x40088f55:0x3ffb9420 0x4008fc31:0x3ffb9440 0x40088f4b:0x3ffb94b0 0x400d8784:0x3ffb94e0 0x400d8968:0x3ffb95d0 0x4014cadb:0x3ffb95f0 0x40089891:0x3ffb9620




ELF file SHA256: 7fa119a9f

Rebooting...
ets Jul 29 2019 12:21:46

rst:0xc (SW_CPU_RESET),boot:0x13 (SPI_FAST_FLASH_BOOT)
configsip: 0, SPIWP:0xee
clk_drv:0x00,q_drv:0x00,d_drv:0x00,cs0_drv:0x00,hd_drv:0x00,wp_drv:0x00
mode:DIO, clock div:2
load:0x3fff0030,len:6276
load:0x40078000,len:15748
load:0x40080400,len:4
ho 8 tail 4 room 4
load:0x40080404,len:3860
entry 0x4008063c
[0;32mI (31) boot: ESP-IDF v5.4.1 2nd stage bootloader[0m
[0;32mI (31) boot: compile time May  6 2025 11:24:01[0m
[0;32mI (31) boot: Multicore bootloader[0m
[0;32mI (32) boot: chip revision: v3.1[0m
[0;32mI (35) boot.esp32: SPI Speed      : 40MHz[0m
[0;32mI (39) boot.esp32: SPI Mode       : DIO[0m
[0;32mI (42) boot.esp32: SPI Flash Size : 4MB[0m
[0;32mI (46) boot: Enabling RNG early entropy source...[0m
[0;32mI (51) boot: Partition Table:[0m
[0;32mI (53) boot: ## Label            Usage          Type ST Offset   Length[0m
[0;32mI (59) boot:  0 nvs              WiFi data        01 02 00009000 00005000[0m
[0;32mI (66) boot:  1 phy_init         RF data          01 01 0000e000 00001000[0m
[0;32mI (72) boot:  2 factory          factory app      00 00 00010000 00100000[0m
[0;32mI (79) boot:  3 storage          Unknown data     01 82 00310000 00080000[0m
[0;32mI (86) boot: End of partition table[0m
[0;32mI (89) esp_image: segment 0: paddr=00010020 vaddr=3f400020 size=1a6f0h (108272) map[0m
[0;32mI (133) esp_image: segment 1: paddr=0002a718 vaddr=3ff80000 size=0001ch (    28) load[0m
[0;32mI (134) esp_image: segment 2: paddr=0002a73c vaddr=3ffb0000 size=03330h ( 13104) load[0m
[0;32mI (142) esp_image: segment 3: paddr=0002da74 vaddr=40080000 size=025a4h (  9636) load[0m
[0;32mI (149) esp_image: segment 4: paddr=00030020 vaddr=400d0020 size=7d5c4h (513476) map[0m
[0;32mI (328) esp_image: segment 5: paddr=000ad5ec vaddr=400825a4 size=102f0h ( 66288) load[0m
[0;32mI (363) boot: Loaded app from partition at offset 0x10000[0m
[0;32mI (363) boot: Disabling RNG early entropy source...[0m
[0;32mI (373) cpu_start: Multicore app[0m
[0;32mI (381) cpu_start: Pro cpu start user code[0m
[0;32mI (381) cpu_start: cpu freq: 160000000 Hz[0m
[0;32mI (382) app_init: Application information:[0m
[0;32mI (382) app_init: Project name:     sender[0m
[0;32mI (385) app_init: App version:      1[0m
[0;32mI (389) app_init: Compile time:     May  6 2025 11:23:53[0m
[0;32mI (394) app_init: ELF file SHA256:  7fa119a9f...[0m
[0;32mI (398) app_init: ESP-IDF:          v5.4.1[0m
[0;32mI (402) efuse_init: Min chip rev:     v0.0[0m
[0;32mI (406) efuse_init: Max chip rev:     v3.99 [0m
[0;32mI (410) efuse_init: Chip rev:         v3.1[0m
[0;32mI (414) heap_init: Initializing. RAM available for dynamic allocation:[0m
[0;32mI (420) heap_init: At 3FFAE6E0 len 00001920 (6 KiB): DRAM[0m
[0;32mI (425) heap_init: At 3FFB72F8 len 00028D08 (163 KiB): DRAM[0m
[0;32mI (430) heap_init: At 3FFE0440 len 00003AE0 (14 KiB): D/IRAM[0m
[0;32mI (436) heap_init: At 3FFE4350 len 0001BCB0 (111 KiB): D/IRAM[0m
[0;32mI (441) heap_init: At 40092894 len 0000D76C (53 KiB): IRAM[0m
[0;32mI (448) spi_flash: detected chip: generic[0m
[0;32mI (450) spi_flash: flash io: dio[0m
[0;32mI (454) main_task: Started on CPU0[0m
[0;32mI (464) main_task: Calling app_main()[0m
[0;32mI (474) sender: ESP_WIFI_MODE_AP[0m
ESP_ERROR_CHECK failed: esp_err_t 0x3001 (ESP_ERR_WIFI_NOT_INIT) at 0x400d8784
file: "./main/sender.c" line 206
func: wifi_init_softap
expression: esp_wifi_set_mode(WIFI_MODE_AP)

abort() was called at PC 0x40088f4b on core 0


Backtrace: 0x40081a6d:0x3ffb9400 0x40088f55:0x3ffb9420 0x4008fc31:0x3ffb9440 0x40088f4b:0x3ffb94b0 0x400d8784:0x3ffb94e0 0x400d8968:0x3ffb95d0 0x4014cadb:0x3ffb95f0 0x40089891:0x3ffb9620




ELF file SHA256: 7fa119a9f

Rebooting...
ets Jul 29 2019 12:21:46

rst:0xc (SW_CPU_RESET),boot:0x13 (SPI_FAST_FLASH_BOOT)
configsip: 0, SPIWP:0xee
clk_drv:0x00,q_drv:0x00,d_drv:0x00,cs0_drv:0x00,hd_drv:0x00,wp_drv:0x00
mode:DIO, clock div:2
load:0x3fff0030,len:6276
load:0x40078000,len:15748
load:0x40080400,len:4
ho 8 tail 4 room 4
load:0x40080404,len:3860
entry 0x4008063c
[0;32mI (31) boot: ESP-IDF v5.4.1 2nd stage bootloader[0m
[0;32mI (31) boot: compile time May  6 2025 11:24:01[0m
[0;32mI (31) boot: Multicore bootloader[0m
[0;32mI (32) boot: chip revision: v3.1[0m
[0;32mI (35) boot.esp32: SPI Speed      : 40MHz[0m
[0;32mI (39) boot.esp32: SPI Mode       : DIO[0m
[0;32mI (42) boot.esp32: SPI Flash Size : 4MB[0m
[0;32mI (46) boot: Enabling RNG early entropy source...[0m
[0;32mI (51) boot: Partition Table:[0m
[0;32mI (53) boot: ## Label            Usage          Type ST Offset   Length[0m
[0;32mI (59) boot:  0 nvs              WiFi data        01 02 00009000 00005000[0m
[0;32mI (66) boot:  1 phy_init         RF data          01 01 0000e000 00001000[0m
[0;32mI (72) boot:  2 factory          factory app      00 00 00010000 00100000[0m
[0;32mI (79) boot:  3 storage          Unknown data     01 82 00310000 00080000[0m
[0;32mI (86) boot: End of partition table[0m
[0;32mI (89) esp_image: segment 0: paddr=00010020 vaddr=3f400020 size=1a6f0h (108272) map[0m
[0;32mI (133) esp_image: segment 1: paddr=0002a718 vaddr=3ff80000 size=0001ch (    28) load[0m
[0;32mI (134) esp_image: segment 2: paddr=0002a73c vaddr=3ffb0000 size=03330h ( 13104) load[0m
[0;32mI (142) esp_image: segment 3: paddr=0002da74 vaddr=40080000 size=025a4h (  9636) load[0m
[0;32mI (149) esp_image: segment 4: paddr=00030020 vaddr=400d0020 size=7d5c4h (513476) map[0m
[0;32mI (328) esp_image: segment 5: paddr=000ad5ec vaddr=400825a4 size=102f0h ( 66288) load[0m
[0;32mI (363) boot: Loaded app from partition at offset 0x10000[0m
[0;32mI (363) boot: Disabling RNG early entropy source...[0m
[0;32mI (373) cpu_start: Multicore app[0m
[0;32mI (381) cpu_start: Pro cpu start user code[0m
[0;32mI (381) cpu_start: cpu freq: 160000000 Hz[0m
[0;32mI (382) app_init: Application information:[0m
[0;32mI (382) app_init: Project name:     sender[0m
[0;32mI (385) app_init: App version:      1[0m
[0;32mI (389) app_init: Compile time:     May  6 2025 11:23:53[0m
[0;32mI (394) app_init: ELF file SHA256:  7fa119a9f...[0m
[0;32mI (398) app_init: ESP-IDF:          v5.4.1[0m
[0;32mI (402) efuse_init: Min chip rev:     v0.0[0m
[0;32mI (406) efuse_init: Max chip rev:     v3.99 [0m
[0;32mI (410) efuse_init: Chip rev:         v3.1[0m
[0;32mI (414) heap_init: Initializing. RAM available for dynamic allocation:[0m
[0;32mI (420) heap_init: At 3FFAE6E0 len 00001920 (6 KiB): DRAM[0m
[0;32mI (425) heap_init: At 3FFB72F8 len 00028D08 (163 KiB): DRAM[0m
[0;32mI (430) heap_init: At 3FFE0440 len 00003AE0 (14 KiB): D/IRAM[0m
[0;32mI (436) heap_init: At 3FFE4350 len 0001BCB0 (111 KiB): D/IRAM[0m
[0;32mI (441) heap_init: At 40092894 len 0000D76C (53 KiB): IRAM[0m
[0;32mI (448) spi_flash: detected chip: generic[0m
[0;32mI (450) spi_flash: flash io: dio[0m
[0;32mI (454) main_task: Started on CPU0[0m
[0;32mI (464) main_task: Calling app_main()[0m
[0;32mI (474) sender: ESP_WIFI_MODE_AP[0m
ESP_ERROR_CHECK failed: esp_err_t 0x3001 (ESP_ERR_WIFI_NOT_INIT) at 0x400d8784
file: "./main/sender.c" line 206
func: wifi_init_softap
expression: esp_wifi_set_mode(WIFI_MODE_AP)

abort() was called at PC 0x40088f4b on core 0


Backtrace: 0x40081a6d:0x3ffb9400 0x40088f55:0x3ffb9420 0x4008fc31:0x3ffb9440 0x40088f4b:0x3ffb94b0 0x400d8784:0x3ffb94e0 0x400d8968:0x3ffb95d0 0x4014cadb:0x3ffb95f0 0x40089891:0x3ffb9620




ELF file SHA256: 7fa119a9f

Rebooting...
ets Jul 29 2019 12:21:46

rst:0xc (SW_CPU_RESET),boot:0x13 (SPI_FAST_FLASH_BOOT)
configsip: 0, SPIWP:0xee
clk_drv:0x00,q_drv:0x00,d_drv:0x00,cs0_drv:0x00,hd_drv:0x00,wp_drv:0x00
mode:DIO, clock div:2
load:0x3fff0030,len:6276
load:0x40078000,len:15748
load:0x40080400,len:4
ho 8 tail 4 room 4
load:0x40080404,len:3860
entry 0x4008063c
[0;32mI (31) boot: ESP-IDF v5.4.1 2nd stage bootloader[0m
[0;32mI (31) boot: compile time May  6 2025 11:24:01[0m
[0;32mI (31) boot: Multicore bootloader[0m
[0;32mI (32) boot: chip revision: v3.1[0m
[0;32mI (35) boot.esp32: SPI Speed      : 40MHz[0m
[0;32mI (39) boot.esp32: SPI Mode       : DIO[0m
[0;32mI (42) boot.esp32: SPI Flash Size : 4MB[0m
[0;32mI (46) boot: Enabling RNG early entropy source...[0m
[0;32mI (51) boot: Partition Table:[0m
[0;32mI (53) boot: ## Label            Usage          Type ST Offset   Length[0m
[0;32mI (59) boot:  0 nvs              WiFi data        01 02 00009000 00005000[0m
[0;32mI (66) boot:  1 phy_init         RF data          01 01 0000e000 00001000[0m
[0;32mI (72) boot:  2 factory          factory app      00 00 00010000 00100000[0m
[0;32mI (79) boot:  3 storage          Unknown data     01 82 00310000 00080000[0m
[0;32mI (86) boot: End of partition table[0m
[0;32mI (89) esp_image: segment 0: paddr=00010020 vaddr=3f400020 size=1a6f0h (108272) map[0m
[0;32mI (133) esp_image: segment 1: paddr=0002a718 vaddr=3ff80000 size=0001ch (    28) load[0m
[0;32mI (134) esp_image: segment 2: paddr=0002a73c vaddr=3ffb0000 size=03330h ( 13104) load[0m
[0;32mI (142) esp_image: segment 3: paddr=0002da74 vaddr=40080000 size=025a4h (  9636) load[0m
[0;32mI (149) esp_image: segment 4: paddr=00030020 vaddr=400d0020 size=7d5c4h (513476) map[0m
[0;32mI (328) esp_image: segment 5: paddr=000ad5ec vaddr=400825a4 size=102f0h ( 66288) load[0m
[0;32mI (363) boot: Loaded app from partition at offset 0x10000[0m
[0;32mI (363) boot: Disabling RNG early entropy source...[0m
[0;32mI (373) cpu_start: Multicore app[0m
[0;32mI (381) cpu_start: Pro cpu start user code[0m
[0;32mI (381) cpu_start: cpu freq: 160000000 Hz[0m
[0;32mI (382) app_init: Application information:[0m
[0;32mI (382) app_init: Project name:     sender[0m
[0;32mI (385) app_init: App version:      1[0m
[0;32mI (389) app_init: Compile time:     May  6 2025 11:23:53[0m
[0;32mI (394) app_init: ELF file SHA256:  7fa119a9f...[0m
[0;32mI (398) app_init: ESP-IDF:          v5.4.1[0m
[0;32mI (402) efuse_init: Min chip rev:     v0.0[0m
[0;32mI (406) efuse_init: Max chip rev:     v3.99 [0m
[0;32mI (410) efuse_init: Chip rev:         v3.1[0m
[0;32mI (414) heap_init: Initializing. RAM available for dynamic allocation:[0m
[0;32mI (420) heap_init: At 3FFAE6E0 len 00001920 (6 KiB): DRAM[0m
[0;32mI (425) heap_init: At 3FFB72F8 len 00028D08 (163 KiB): DRAM[0m
[0;32mI (430) heap_init: At 3FFE0440 len 00003AE0 (14 KiB): D/IRAM[0m
[0;32mI (436) heap_init: At 3FFE4350 len 0001BCB0 (111 KiB): D/IRAM[0m
[0;32mI (441) heap_init: At 40092894 len 0000D76C (53 KiB): IRAM[0m
[0;32mI (448) spi_flash: detected chip: generic[0m
[0;32mI (450) spi_flash: flash io: dio[0m
[0;32mI (454) main_task: Started on CPU0[0m
[0;32mI (464) main_task: Calling app_main()[0m
[0;32mI (474) sender: ESP_WIFI_MODE_AP[0m
ESP_ERROR_CHECK failed: esp_err_t 0x3001 (ESP_ERR_WIFI_NOT_INIT) at 0x400d8784
file: "./main/sender.c" line 206
func: wifi_init_softap
expression: esp_wifi_set_mode(WIFI_MODE_AP)

abort() was called at PC 0x40088f4b on core 0


Backtrace: 0x40081a6d:0x3ffb9400 0x40088f55:0x3ffb9420 0x4008fc31:0x3ffb9440 0x40088f4b:0x3ffb94b0 0x400d8784:0x3ffb94e0 0x400d8968:0x3ffb95d0 0x4014cadb:0x3ffb95f0 0x40089891:0x3ffb9620




ELF file SHA256: 7fa119a9f

Rebooting...
ets Jul 29 2019 12:21:46

rst:0xc (SW_CPU_RESET),boot:0x13 (SPI_FAST_FLASH_BOOT)
configsip: 0, SPIWP:0xee
clk_drv:0x00,q_drv:0x00,d_drv:0x00,cs0_drv:0x00,hd_drv:0x00,wp_drv:0x00
mode:DIO, clock div:2
load:0x3fff0030,len:6276
load:0x40078000,len:15748
load:0x40080400,len:4
ho 8 tail 4 room 4
load:0x40080404,len:3860
entry 0x4008063c
[0;32mI (31) boot: ESP-IDF v5.4.1 2nd stage bootloader[0m
[0;32mI (31) boot: compile time May  6 2025 11:24:01[0m
[0;32mI (31) boot: Multicore bootloader[0m
[0;32mI (32) boot: chip revision: v3.1[0m
[0;32mI (35) boot.esp32: SPI Speed      : 40MHz[0m
[0;32mI (39) boot.esp32: SPI Mode       : DIO[0m
[0;32mI (42) boot.esp32: SPI Flash Size : 4MB[0m
[0;32mI (46) boot: Enabling RNG early entropy source...[0m
[0;32mI (51) boot: Partition Table:[0m
[0;32mI (53) boot: ## Label            Usage          Type ST Offset   Length[0m
[0;32mI (59) boot:  0 nvs              WiFi data        01 02 00009000 00005000[0m
[0;32mI (66) boot:  1 phy_init         RF data          01 01 0000e000 00001000[0m
[0;32mI (72) boot:  2 factory          factory app      00 00 00010000 00100000[0m
[0;32mI (79) boot:  3 storage          Unknown data     01 82 00310000 00080000[0m
[0;32mI (86) boot: End of partition table[0m
[0;32mI (89) esp_image: segment 0: paddr=00010020 vaddr=3f400020 size=1a6f0h (108272) map[0m
[0;32mI (133) esp_image: segment 1: paddr=0002a718 vaddr=3ff80000 size=0001ch (    28) load[0m
[0;32mI (134) esp_image: segment 2: paddr=0002a73c vaddr=3ffb0000 size=03330h ( 13104) load[0m
[0;32mI (142) esp_image: segment 3: paddr=0002da74 vaddr=40080000 size=025a4h (  9636) load[0m
[0;32mI (149) esp_image: segment 4: paddr=00030020 vaddr=400d0020 size=7d5c4h (513476) map[0m
[0;32mI (328) esp_image: segment 5: paddr=000ad5ec vaddr=400825a4 size=102f0h ( 66288) load[0m
[0;32mI (363) boot: Loaded app from partition at offset 0x10000[0m
[0;32mI (363) boot: Disabling RNG early entropy source...[0m
[0;32mI (373) cpu_start: Multicore app[0m
[0;32mI (381) cpu_start: Pro cpu start user code[0m
[0;32mI (381) cpu_start: cpu freq: 160000000 Hz[0m
[0;32mI (382) app_init: Application information:[0m
[0;32mI (382) app_init: Project name:     sender[0m
[0;32mI (385) app_init: App version:      1[0m
[0;32mI (389) app_init: Compile time:     May  6 2025 11:23:53[0m
[0;32mI (394) app_init: ELF file SHA256:  7fa119a9f...[0m
[0;32mI (398) app_init: ESP-IDF:          v5.4.1[0m
[0;32mI (402) efuse_init: Min chip rev:     v0.0[0m
[0;32mI (406) efuse_init: Max chip rev:     v3.99 [0m
[0;32mI (410) efuse_init: Chip rev:         v3.1[0m
[0;32mI (414) heap_init: Initializing. RAM available for dynamic allocation:[0m
I (420) heap_init: At 3FFAE6E0 len 00001920 (6 KiB): DRAM
[0;32mI (425) heap_init: At 3FFB72F8 len 00028D08 (163 KiB): DRAM[0m
[0;32mI (430) heap_init: At 3FFE0440 len 00003AE0 (14 KiB): D/IRAM[0m
[0;32mI (436) heap_init: At 3FFE4350 len 0001BCB0 (111 KiB): D/IRAM[0m
[0;32mI (441) heap_init: At 40092894 len 0000D76C (53 KiB): IRAM[0m
[0;32mI (448) spi_flash: detected chip: generic[0m
[0;32mI (450) spi_flash: flash io: dio[0m
[0;32mI (454) main_task: Started on CPU0[0m
[0;32mI (464) main_task: Calling app_main()[0m
[0;32mI (474) sender: ESP_WIFI_MODE_AP[0m
ESP_ERROR_CHECK failed: esp_err_t 0x3001 (ESP_ERR_WIFI_NOT_INIT) at 0x400d8784
file: "./main/sender.c" line 206
func: wifi_init_softap
expression: esp_wifi_set_mode(WIFI_MODE_AP)

abort() was called at PC 0x40088f4b on core 0


Backtrace: 0x40081a6d:0x3ffb9400 0x40088f55:0x3ffb9420 0x4008fc31:0x3ffb9440 0x40088f4b:0x3ffb94b0 0x400d8784:0x3ffb94e0 0x400d8968:0x3ffb95d0 0x4014cadb:0x3ffb95f0 0x40089891:0x3ffb9620




ELF file SHA256: 7fa119a9f

Rebooting...
ets Jul 29 2019 12:21:46

rst:0xc (SW_CPU_RESET),boot:0x13 (SPI_FAST_FLASH_BOOT)
configsip: 0, SPIWP:0xee
clk_drv:0x00,q_drv:0x00,d_drv:0x00,cs0_drv:0x00,hd_drv:0x00,wp_drv:0x00
mode:DIO, clock div:2
load:0x3fff0030,len:6276
load:0x40078000,len:15748
load:0x40080400,len:4
ho 8 tail 4 room 4
load:0x40080404,len:3860
entry 0x4008063c
[0;32mI (31) boot: ESP-IDF v5.4.1 2nd stage bootloader[0m
[0;32mI (31) boot: compile time May  6 2025 11:24:01[0m
[0;32mI (31) boot: Multicore bootloader[0m
[0;32mI (32) boot: chip revision: v3.1[0m
[0;32mI (35) boot.esp32: SPI Speed      : 40MHz[0m
[0;32mI (39) boot.esp32: SPI Mode       : DIO[0m
[0;32mI (42) boot.esp32: SPI Flash Size : 4MB[0m
[0;32mI (46) boot: Enabling RNG early entropy source...[0m
[0;32mI (51) boot: Partition Table:[0m
[0;32mI (53) boot: ## Label            Usage          Type ST Offset   Length[0m
[0;32mI (59) boot:  0 nvs              WiFi data        01 02 00009000 00005000[0m
[0;32mI (66) boot:  1 phy_init         RF data          01 01 0000e000 00001000[0m
[0;32mI (72) boot:  2 factory          factory app      00 00 00010000 00100000[0m
[0;32mI (79) boot:  3 storage          Unknown data     01 82 00310000 00080000[0m
[0;32mI (86) boot: End of partition table[0m
[0;32mI (89) esp_image: segment 0: paddr=00010020 vaddr=3f400020 size=1a6f0h (108272) map[0m
[0;32mI (133) esp_image: segment 1: paddr=0002a718 vaddr=3ff80000 size=0001ch (    28) load[0m
[0;32mI (134) esp_image: segment 2: paddr=0002a73c vaddr=3ffb0000 size=03330h ( 13104) load[0m
[0;32mI (142) esp_image: segment 3: paddr=0002da74 vaddr=40080000 size=025a4h (  9636) load[0m
[0;32mI (149) esp_image: segment 4: paddr=00030020 vaddr=400d0020 size=7d5c4h (513476) map[0m
[0;32mI (328) esp_image: segment 5: paddr=000ad5ec vaddr=400825a4 size=102f0h ( 66288) load[0m
[0;32mI (363) boot: Loaded app from partition at offset 0x10000[0m
[0;32mI (363) boot: Disabling RNG early entropy source...[0m
[0;32mI (373) cpu_start: Multicore app[0m
[0;32mI (381) cpu_start: Pro cpu start user code[0m
[0;32mI (381) cpu_start: cpu freq: 160000000 Hz[0m
[0;32mI (382) app_init: Application information:[0m
[0;32mI (382) app_init: Project name:     sender[0m
[0;32mI (385) app_init: App version:      1[0m
[0;32mI (389) app_init: Compile time:     May  6 2025 11:23:53[0m
[0;32mI (394) app_init: ELF file SHA256:  7fa119a9f...[0m
[0;32mI (398) app_init: ESP-IDF:          v5.4.1[0m
[0;32mI (402) efuse_init: Min chip rev:     v0.0[0m
[0;32mI (406) efuse_init: Max chip rev:     v3.99 [0m
[0;32mI (410) efuse_init: Chip rev:         v3.1[0m
[0;32mI (414) heap_init: Initializing. RAM available for dynamic allocation:[0m
[0;32mI (420) heap_init: At 3FFAE6E0 len 00001920 (6 KiB): DRAM[0m
[0;32mI (425) heap_init: At 3FFB72F8 len 00028D08 (163 KiB): DRAM[0m
[0;32mI (430) heap_init: At 3FFE0440 len 00003AE0 (14 KiB): D/IRAM[0m
[0;32mI (436) heap_init: At 3FFE4350 len 0001BCB0 (111 KiB): D/IRAM[0m
[0;32mI (441) heap_init: At 40092894 len 0000D76C (53 KiB): IRAM[0m
[0;32mI (448) spi_flash: detected chip: generic[0m
[0;32mI (450) spi_flash: flash io: dio[0m
[0;32mI (454) main_task: Started on CPU0[0m
[0;32mI (464) main_task: Calling app_main()[0m
[0;32mI (474) sender: ESP_WIFI_MODE_AP[0m
ESP_ERROR_CHECK failed: esp_err_t 0x3001 (ESP_ERR_WIFI_NOT_INIT) at 0x400d8784
file: "./main/sender.c" line 206
func: wifi_init_softap
expression: esp_wifi_set_mode(WIFI_MODE_AP)

abort() was called at PC 0x40088f4b on core 0


Backtrace: 0x40081a6d:0x3ffb9400 0x40088f55:0x3ffb9420 0x4008fc31:0x3ffb9440 0x40088f4b:0x3ffb94b0 0x400d8784:0x3ffb94e0 0x400d8968:0x3ffb95d0 0x4014cadb:0x3ffb95f0 0x40089891:0x3ffb9620




ELF file SHA256: 7fa119a9f

Rebooting...
ets Jul 29 2019 12:21:46

rst:0xc (SW_CPU_RESET),boot:0x13 (SPI_FAST_FLASH_BOOT)
configsip: 0, SPIWP:0xee
clk_drv:0x00,q_drv:0x00,d_drv:0x00,cs0_drv:0x00,hd_drv:0x00,wp_drv:0x00
mode:DIO, clock div:2
load:0x3fff0030,len:6276
load:0x40078000,len:15748
load:0x40080400,len:4
ho 8 tail 4 room 4
load:0x40080404,len:3860
entry 0x4008063c
[0;32mI (31) boot: ESP-IDF v5.4.1 2nd stage bootloader[0m
[0;32mI (31) boot: compile time May  6 2025 11:24:01[0m
[0;32mI (31) boot: Multicore bootloader[0m
[0;32mI (32) boot: chip revision: v3.1[0m
[0;32mI (35) boot.esp32: SPI Speed      : 40MHz[0m
[0;32mI (39) boot.esp32: SPI Mode       : DIO[0m
[0;32mI (42) boot.esp32: SPI Flash Size : 4MB[0m
[0;32mI (46) boot: Enabling RNG early entropy source...[0m
[0;32mI (51) boot: Partition Table:[0m
[0;32mI (53) boot: ## Label            Usage          Type ST Offset   Length[0m
[0;32mI (59) boot:  0 nvs              WiFi data        01 02 00009000 00005000[0m
[0;32mI (66) boot:  1 phy_init         RF data          01 01 0000e000 00001000[0m
[0;32mI (72) boot:  2 factory          factory app      00 00 00010000 00100000[0m
[0;32mI (79) boot:  3 storage          Unknown data     01 82 00310000 00080000[0m
[0;32mI (86) boot: End of partition table[0m
[0;32mI (89) esp_image: segment 0: paddr=00010020 vaddr=3f400020 size=1a6f0h (108272) map[0m
[0;32mI (133) esp_image: segment 1: paddr=0002a718 vaddr=3ff80000 size=0001ch (    28) load[0m
[0;32mI (134) esp_image: segment 2: paddr=0002a73c vaddr=3ffb0000 size=03330h ( 13104) load[0m
[0;32mI (142) esp_image: segment 3: paddr=0002da74 vaddr=40080000 size=025a4h (  9636) load[0m
[0;32mI (149) esp_image: segment 4: paddr=00030020 vaddr=400d0020 size=7d5c4h (513476) map[0m
[0;32mI (328) esp_image: segment 5: paddr=000ad5ec vaddr=400825a4 size=102f0h ( 66288) load[0m
[0;32mI (363) boot: Loaded app from partition at offset 0x10000[0m
[0;32mI (363) boot: Disabling RNG early entropy source...[0m
[0;32mI (373) cpu_start: Multicore app[0m
[0;32mI (381) cpu_start: Pro cpu start user code[0m
[0;32mI (381) cpu_start: cpu freq: 160000000 Hz[0m
[0;32mI (382) app_init: Application information:[0m
[0;32mI (382) app_init: Project name:     sender[0m
[0;32mI (385) app_init: App version:      1[0m
[0;32mI (389) app_init: Compile time:     May  6 2025 11:23:53[0m
[0;32mI (394) app_init: ELF file SHA256:  7fa119a9f...[0m
[0;32mI (398) app_init: ESP-IDF:          v5.4.1[0m
[0;32mI (402) efuse_init: Min chip rev:     v0.0[0m
[0;32mI (406) efuse_init: Max chip rev:     v3.99 [0m
[0;32mI (410) efuse_init: Chip rev:         v3.1[0m
[0;32mI (414) heap_init: Initializing. RAM available for dynamic allocation:[0m
[0;32mI (420) heap_init: At 3FFAE6E0 len 00001920 (6 KiB): DRAM[0m
[0;32mI (425) heap_init: At 3FFB72F8 len 00028D08 (163 KiB): DRAM[0m
[0;32mI (430) heap_init: At 3FFE0440 len 00003AE0 (14 KiB): D/IRAM[0m
[0;32mI (436) heap_init: At 3FFE4350 len 0001BCB0 (111 KiB): D/IRAM[0m
[0;32mI (441) heap_init: At 40092894 len 0000D76C (53 KiB): IRAM[0m
[0;32mI (448) spi_flash: detected chip: generic[0m
[0;32mI (450) spi_flash: flash io: dio[0m
[0;32mI (454) main_task: Started on CPU0[0m
[0;32mI (464) main_task: Calling app_main()[0m
[0;32mI (474) sender: ESP_WIFI_MODE_AP[0m
ESP_ERROR_CHECK failed: esp_err_t 0x3001 (ESP_ERR_WIFI_NOT_INIT) at 0x400d8784
file: "./main/sender.c" line 206
func: wifi_init_softap
expression: esp_wifi_set_mode(WIFI_MODE_AP)

abort() was called at PC 0x40088f4b on core 0


Backtrace: 0x40081a6d:0x3ffb9400 0x40088f55:0x3ffb9420 0x4008fc31:0x3ffb9440 0x40088f4b:0x3ffb94b0 0x400d8784:0x3ffb94e0 0x400d8968:0x3ffb95d0 0x4014cadb:0x3ffb95f0 0x40089891:0x3ffb9620




ELF file SHA256: 7fa119a9f

Rebooting...
ets Jul 29 2019 12:21:46

rst:0xc (SW_CPU_RESET),boot:0x13 (SPI_FAST_FLASH_BOOT)
configsip: 0, SPIWP:0xee
clk_drv:0x00,q_drv:0x00,d_drv:0x00,cs0_drv:0x00,hd_drv:0x00,wp_drv:0x00
mode:DIO, clock div:2
load:0x3fff0030,len:6276
load:0x40078000,len:15748
load:0x40080400,len:4
ho 8 tail 4 room 4
load:0x40080404,len:3860
entry 0x4008063c
[0;32mI (31) boot: ESP-IDF v5.4.1 2nd stage bootloader[0m
[0;32mI (31) boot: compile time May  6 2025 11:24:01[0m
[0;32mI (31) boot: Multicore bootloader[0m
[0;32mI (32) boot: chip revision: v3.1[0m
[0;32mI (35) boot.esp32: SPI Speed      : 40MHz[0m
[0;32mI (39) boot.esp32: SPI Mode       : DIO[0m
[0;32mI (42) boot.esp32: SPI Flash Size : 4MB[0m
[0;32mI (46) boot: Enabling RNG early entropy source...[0m
[0;32mI (51) boot: Partition Table:[0m
[0;32mI (53) boot: ## Label            Usage          Type ST Offset   Length[0m
[0;32mI (59) boot:  0 nvs              WiFi data        01 02 00009000 00005000[0m
[0;32mI (66) boot:  1 phy_init         RF data          01 01 0000e000 00001000[0m
[0;32mI (73) boot:  2 factory          factory app      00 00 00010000 00100000[0m
[0;32mI (79) boot:  3 storage          Unknown data     01 82 00310000 00080000[0m
[0;32mI (86) boot: End of partition table[0m
[0;32mI (89) esp_image: segment 0: paddr=00010020 vaddr=3f400020 size=1a6f0h (108272) map[0m
[0;32mI (133) esp_image: segment 1: paddr=0002a718 vaddr=3ff80000 size=0001ch (    28) load[0m
[0;32mI (134) esp_image: segment 2: paddr=0002a73c vaddr=3ffb0000 size=03330h ( 13104) load[0m
[0;32mI (142) esp_image: segment 3: paddr=0002da74 vaddr=40080000 size=025a4h (  9636) load[0m
[0;32mI (149) esp_image: segment 4: paddr=00030020 vaddr=400d0020 size=7d5c4h (513476) map[0m
[0;32mI (328) esp_image: segment 5: paddr=000ad5ec vaddr=400825a4 size=102f0h ( 66288) load[0m
[0;32mI (363) boot: Loaded app from partition at offset 0x10000[0m
[0;32mI (363) boot: Disabling RNG early entropy source...[0m
[0;32mI (373) cpu_start: Multicore app[0m
[0;32mI (381) cpu_start: Pro cpu start user code[0m
[0;32mI (381) cpu_start: cpu freq: 160000000 Hz[0m
[0;32mI (382) app_init: Application information:[0m
[0;32mI (382) app_init: Project name:     sender[0m
[0;32mI (385) app_init: App version:      1[0m
[0;32mI (389) app_init: Compile time:     May  6 2025 11:23:53[0m
[0;32mI (394) app_init: ELF file SHA256:  7fa119a9f...[0m
[0;32mI (398) app_init: ESP-IDF:          v5.4.1[0m
[0;32mI (402) efuse_init: Min chip rev:     v0.0[0m
[0;32mI (406) efuse_init: Max chip rev:     v3.99 [0m
[0;32mI (410) efuse_init: Chip rev:         v3.1[0m
[0;32mI (414) heap_init: Initializing. RAM available for dynamic allocation:[0m
[0;32mI (420) heap_init: At 3FFAE6E0 len 00001920 (6 KiB): DRAM[0m
[0;32mI (425) heap_init: At 3FFB72F8 len 00028D08 (163 KiB): DRAM[0m
[0;32mI (430) heap_init: At 3FFE0440 len 00003AE0 (14 KiB): D/IRAM[0m
[0;32mI (436) heap_init: At 3FFE4350 len 0001BCB0 (111 KiB): D/IRAM[0m
[0;32mI (441) heap_init: At 40092894 len 0000D76C (53 KiB): IRAM[0m
[0;32mI (448) spi_flash: detected chip: generic[0m
[0;32mI (450) spi_flash: flash io: dio[0m
[0;32mI (454) main_task: Started on CPU0[0m
[0;32mI (464) main_task: Calling app_main()[0m
[0;32mI (474) sender: ESP_WIFI_MODE_AP[0m
ESP_ERROR_CHECK failed: esp_err_t 0x3001 (ESP_ERR_WIFI_NOT_INIT) at 0x400d8784
file: "./main/sender.c" line 206
func: wifi_init_softap
expression: esp_wifi_set_mode(WIFI_MODE_AP)

abort() was called at PC 0x40088f4b on core 0


