gsip: 0, SPIWP:0xee
clk_drv:0x00,q_drv:0x00,d_drv:0x00,cs0_drv:0x00,hd_drv:0x00,wp_drv:0x00
mode:DIO, clock div:2
load:0x3fff0030,len:6276
load:0x40078000,len:15748
load:0x40080400,len:4
ho 8 tail 4 room 4
load:0x40080404,len:3860
entry 0x4008063c
[0;32mI (31) boot: ESP-IDF v5.4.1 2nd stage bootloaï¿½ets Jul 29 2019 12:21:46[0m

rst:0x1 (POWERON_RESET),boot:0x13 (SPI_FAST_FLASH_BOOT)
configsip: 0, SPIWP:0xee
clk_drv:0x00,q_drv:0x00,d_drv:0x00,cs0_drv:0x00,hd_drv:0x00,wp_drv:0x00
mode:DIO, clock div:2
load:0x3fff0030,len:6276
load:0x40078000,len:15748
load:0x40080400,len:4
ho 8 tail 4 room 4
load:0x40080404,len:3860
entry 0x4008063c
[0;32mI (31) boot: ESP-IDF v5.4.1 2nd stage bootloader[0m
[0;32mI (31) boot: compile time May  6 2025 11:24:01[0m
[0;32mI (31) boot: Multicore bootloader[0m
[0;32mI (32) boot: chip revision: v3.1[0m
[0;32mI (35) boot.esp32: SPI Speed      : 40MHz[0m
[0;32mI (39) boot.esp32: SPI Mode       : DIO[0m
[0;32mI (43) boot.esp32: SPI Flash Size : 4MB[0m
[0;32mI (46) boot: Enabling RNG early entropy source...[0m
[0;32mI (51) boot: Partition Table:[0m
[0;32mI (53) boot: ## Label            Usage          Type ST Offset   Length[0m
[0;32mI (60) boot:  0 nvs              WiFi data        01 02 00009000 00005000[0m
[0;32mI (66) boot:  1 phy_init         RF data          01 01 0000e000 00001000[0m
[0;32mI (73) boot:  2 factory          factory app      00 00 00010000 00100000[0m
[0;32mI (79) boot:  3 storage          Unknown data     01 82 00310000 00080000[0m
[0;32mI (86) boot: End of partition table[0m
[0;32mI (89) esp_image: segment 0: paddr=00010020 vaddr=3f400020 size=1e7f4h (124916) map[0m
[0;32mI (139) esp_image: segment 1: paddr=0002e81c vaddr=3ff80000 size=0001ch (    28) load[0m
[0;32mI (139) esp_image: segment 2: paddr=0002e840 vaddr=3ffb0000 size=017d8h (  6104) load[0m
[0;32mI (145) esp_image: segment 3: paddr=00030020 vaddr=400d0020 size=a88f4h (690420) map[0m
[0;32mI (386) esp_image: segment 4: paddr=000d891c vaddr=3ffb17d8 size=0274ch ( 10060) load[0m
[0;32mI (390) esp_image: segment 5: paddr=000db070 vaddr=40080000 size=17798h ( 96152) load[0m
[0;32mI (439) boot: Loaded app from partition at offset 0x10000[0m
[0;32mI (439) boot: Disabling RNG early entropy source...[0m
[0;32mI (450) cpu_start: Multicore app[0m
[0;32mI (458) cpu_start: Pro cpu start user code[0m
[0;32mI (458) cpu_start: cpu freq: 160000000 Hz[0m
[0;32mI (458) app_init: Application information:[0m
[0;32mI (458) app_init: Project name:     sender[0m
[0;32mI (462) app_init: App version:      1[0m
[0;32mI (465) app_init: Compile time:     May  6 2025 11:23:53[0m
[0;32mI (470) app_init: ELF file SHA256:  955cf968b...[0m
[0;32mI (475) app_init: ESP-IDF:          v5.4.1[0m
[0;32mI (478) efuse_init: Min chip rev:     v0.0[0m
I (482) efuse_init: Max chip rev:     v3.99 
[0;32mI (486) efuse_init: Chip rev:         v3.1[0m
[0;32mI (490) heap_init: Initializing. RAM available for dynamic allocation:[0m
[0;32mI (497) heap_init: At 3FFAE6E0 len 00001920 (6 KiB): DRAM[0m
[0;32mI (502) heap_init: At 3FFB87B8 len 00027848 (158 KiB): DRAM[0m
[0;32mI (507) heap_init: At 3FFE0440 len 00003AE0 (14 KiB): D/IRAM[0m
[0;32mI (512) heap_init: At 3FFE4350 len 0001BCB0 (111 KiB): D/IRAM[0m
[0;32mI (518) heap_init: At 40097798 len 00008868 (34 KiB): IRAM[0m
[0;32mI (524) spi_flash: detected chip: generic[0m
[0;32mI (527) spi_flash: flash io: dio[0m
[0;32mI (531) main_task: Started on CPU0[0m
[0;32mI (541) main_task: Calling app_main()[0m
[0;32mI (561) sender: NVS initialized.[0m
[0;32mI (561) sender: ESP_WIFI_MODE_AP - Initializing SoftAP[0m
[0;32mI (571) wifi:wifi driver task: 3ffc0280, prio:23, stack:6656, core=0[0m
[0;32mI (571) wifi:wifi firmware version: 79fa3f41ba[0m
[0;32mI (581) wifi:wifi certification version: v7.0[0m
[0;32mI (581) wifi:config NVS flash: enabled[0m
[0;32mI (581) wifi:config nano formatting: disabled[0m
[0;32mI (581) wifi:Init data frame dynamic rx buffer num: 32[0m
[0;32mI (591) wifi:Init static rx mgmt buffer num: 5[0m
[0;32mI (591) wifi:Init management short buffer num: 32[0m
[0;32mI (591) wifi:Init dynamic tx buffer num: 32[0m
[0;32mI (601) wifi:Init static rx buffer size: 1600[0m
[0;32mI (601) wifi:Init static rx buffer num: 10[0m
[0;32mI (611) wifi:Init dynamic rx buffer num: 32[0m
[0;32mI (611) wifi_init: rx ba win: 6[0m
[0;32mI (611) wifi_init: accept mbox: 6[0m
[0;32mI (621) wifi_init: tcpip mbox: 32[0m
[0;32mI (621) wifi_init: udp mbox: 6[0m
[0;32mI (621) wifi_init: tcp mbox: 6[0m
[0;32mI (621) wifi_init: tcp tx win: 5760[0m
[0;32mI (631) wifi_init: tcp rx win: 5760[0m
[0;32mI (631) wifi_init: tcp mss: 1440[0m
[0;32mI (631) wifi_init: WiFi IRAM OP enabled[0m
[0;32mI (641) wifi_init: WiFi RX IRAM OP enabled[0m
[0;32mI (911) phy_init: phy_version 4860,6b7a6e5,Feb  6 2025,14:47:07[0m
[0;32mI (1001) wifi:mode : softAP (f4:65:0b:54:ff:31)[0m
[0;32mI (1001) wifi:Total power save buffer number: 16[0m
[0;32mI (1001) wifi:Init max length of beacon: 752/752[0m
[0;32mI (1001) wifi:Init max length of beacon: 752/752[0m
[0;32mI (1011) sender: wifi_init_softap finished. SSID:NadawcaOTA password:password123 channel:1[0m
[0;32mI (1011) esp_netif_lwip: DHCP server started on interface WIFI_AP_DEF with IP: 192.168.4.1[0m
[0;32mI (1021) sender: WiFi AP started[0m
[0;32mI (1031) sender: Sending data: {"toggle":false,"message":"Message #0"}[0m
[0;32mI (1041) sender: Initializing SPIFFS[0m
[0;32mI (1071) sender: SPIFFS Partition size: total: 474641, used: 0[0m
[0;32mI (1121) sender: File written to /spiffs/hello.txt[0m
[0;32mI (1121) sender: Sender initialization complete. Waiting for AP to start and data task to run.[0m
[0;32mI (1121) main_task: Returned from app_main()[0m
[1;31mE (6051) esp-tls: [sock=54] select() timeout[0m
[1;31mE (6051) transport_base: Failed to open a new connection: 32774[0m
[1;31mE (6051) HTTP_CLIENT: Connection failed, sock < 0[0m
[1;31mE (6051) sender: HTTP_EVENT_ERROR: ESP_OK[0m
[1;31mE (6051) sender: HTTP POST request failed: ESP_ERR_HTTP_CONNECT[0m
[0;32mI (11061) sender: Sending data: {"toggle":true,"message":"Message #1"}[0m
[1;31mE (16071) esp-tls: [sock=54] select() timeout[0m
[1;31mE (16071) transport_base: Failed to open a new connection: 32774[0m
[1;31mE (16071) HTTP_CLIENT: Connection failed, sock < 0[0m
[1;31mE (16071) sender: HTTP_EVENT_ERROR: ESP_OK[0m
[1;31mE (16071) sender: HTTP POST request failed: ESP_ERR_HTTP_CONNECT[0m
[0;32mI (21081) sender: Sending data: {"toggle":false,"message":"Message #2"}[0m
[0;32mI (21901) wifi:new:<1,1>, old:<1,1>, ap:<1,1>, sta:<255,255>, prof:1, snd_ch_cfg:0x0[0m
[0;32mI (21901) wifi:station: 28:d0:43:ac:b3:d8 join, AID=1, bgn, 40U[0m
[0;32mI (21921) sender: Station joined, AID=1[0m
[0;32mI (22081) wifi:<ba-add>idx:2 (ifx:1, 28:d0:43:ac:b3:d8), tid:0, ssn:1, winSize:64[0m
[0;32mI (22181) esp_netif_lwip: DHCP server assigned IP to a client, IP is: 192.168.4.2[0m
[1;31mE (26091) esp-tls: [sock=54] select() timeout[0m
[1;31mE (26091) transport_base: Failed to open a new connection: 32774[0m
[1;31mE (26091) HTTP_CLIENT: Connection failed, sock < 0[0m
[1;31mE (26091) sender: HTTP_EVENT_ERROR: ESP_OK[0m
[1;31mE (26091) sender: HTTP POST request failed: ESP_ERR_HTTP_CONNECT[0m
[0;32mI (31101) sender: Sending data: {"toggle":true,"message":"Message #3"}[0m
[1;31mE (36111) esp-tls: [sock=54] select() timeout[0m
[1;31mE (36111) transport_base: Failed to open a new connection: 32774[0m
[1;31mE (36111) HTTP_CLIENT: Connection failed, sock < 0[0m
[1;31mE (36111) sender: HTTP_EVENT_ERROR: ESP_OK[0m
[1;31mE (36111) sender: HTTP POST request failed: ESP_ERR_HTTP_CONNECT[0m
[0;32mI (41121) sender: Sending data: {"toggle":false,"message":"Message #4"}[0m
[1;31mE (46131) esp-tls: [sock=54] select() timeout[0m
[1;31mE (46131) transport_base: Failed to open a new connection: 32774[0m
[1;31mE (46131) HTTP_CLIENT: Connection failed, sock < 0[0m
[1;31mE (46131) sender: HTTP_EVENT_ERROR: ESP_OK[0m
[1;31mE (46131) sender: HTTP POST request failed: ESP_ERR_HTTP_CONNECT[0m
[0;32mI (51141) sender: Sending data: {"toggle":true,"message":"Message #5"}[0m
[1;31mE (56151) esp-tls: [sock=54] select() timeout[0m
[1;31mE (56151) transport_base: Failed to open a new connection: 32774[0m
[1;31mE (56151) HTTP_CLIENT: Connection failed, sock < 0[0m
[1;31mE (56151) sender: HTTP_EVENT_ERROR: ESP_OK[0m
[1;31mE (56151) sender: HTTP POST request failed: ESP_ERR_HTTP_CONNECT[0m
[0;32mI (61161) sender: Sending data: {"toggle":false,"message":"Message #6"}[0m
[1;31mE (66171) esp-tls: [sock=54] select() timeout[0m
[1;31mE (66171) transport_base: Failed to open a new connection: 32774[0m
[1;31mE (66171) HTTP_CLIENT: Connection failed, sock < 0[0m
[1;31mE (66171) sender: HTTP_EVENT_ERROR: ESP_OK[0m
[1;31mE (66171) sender: HTTP POST request failed: ESP_ERR_HTTP_CONNECT[0m
[0;32mI (71181) sender: Sending data: {"toggle":true,"message":"Message #7"}[0m
[1;31mE (76191) esp-tls: [sock=54] select() timeout[0m
[1;31mE (76191) transport_base: Failed to open a new connection: 32774[0m
[1;31mE (76191) HTTP_CLIENT: Connection failed, sock < 0[0m
[1;31mE (76191) sender: HTTP_EVENT_ERROR: ESP_OK[0m
[1;31mE (76191) sender: HTTP POST request failed: ESP_ERR_HTTP_CONNECT[0m
[0;32mI (81201) sender: Sending data: {"toggle":false,"message":"Message #8"}[0m
v:0x00,cs0_drv:0x00,hd_ï¿½  Type ST Offset   Length[0m
[0;32mI (57) boot:  0 phy_init         RF data          01 01 0000f000 00001000[0m
[0;32mI (64) boot:  1 otadata          OTA data         01 00 00010000 00002000[0m
[0;32mI (72) boot:  2 nvs              WiFi data        01 02 00012000 0000e000[0m
[0;32mI (79) boot:  3 at_customize     unknown          40 00 00020000 000e0000[0m
[0;32mI (87) boot:  4 ota_0            OTA app          00 10 00100000 00180000[0m
[0;32mI (94) boot:  5 ota_1            OTA app          00 11 00280000 00180000[0m
[0;32mI (102) boot: End of partition table[0m
[0;32mI (106) boot: No factory image, trying OTA 0[0m
[0;32mI (111) esp_image: segment 0: paddr=0x00100020 vaddr=0x3f400020 size=0x200f4 (131316) map[0m
[0;32mI (166) esp_image: segment 1: paddr=0x0012011c vaddr=0x3ffc0000 size=0x02d6c ( 11628) load[0m
[0;32mI (171) esp_image: segment 2: paddr=0x00122e90 vaddr=0x40080000 size=0x00400 (  1024) load[0m
[0;32mI (173) esp_image: segment 3: paddr=0x00123298 vaddr=0x40080400 size=0x0cd78 ( 52600) load[0m
[0;32mI (203) esp_image: segment 4: paddr=0x00130018 vaddr=0x400d0018 size=0xdf390 (914320) map[0m
[0;32mI (524) esp_image: segment 5: paddr=0x0020f3b0 vaddr=0x4008d178 size=0x01f14 (  7956) load[0m
[0;32mI (527) esp_image: segment 6: paddr=0x002112cc vaddr=0x400c0000 size=0x00064 (   100) load[0m
[0;32mI (539) boot: Loaded app from partition at offset 0x100000[0m
[0;32mI (539) boot: Disabling RNG early entropy source...[0m
Bin version(Wroom32):1.1.2
[0;32mI (659) wifi: wifi firmware version: de47fad[0m
[0;32mI (660) wifi: config NVS flash: enabled[0m
[0;32mI (660) wifi: config nano formating: disabled[0m
[0;32mI (670) wifi: Init dynamic tx buffer num: 32[0m
[0;32mI (670) wifi: Init data frame dynamic rx buffer num: 32[0m
[0;32mI (671) wifi: Init management frame dynamic rx buffer num: 32[0m
[0;32mI (676) wifi: wifi driver task: 3ffdecc0, prio:23, stack:3584[0m
[0;32mI (681) wifi: Init static rx buffer num: 10[0m
[0;32mI (684) wifi: Init dynamic rx buffer num: 32[0m
[0;32mI (689) wifi: wifi power manager task: 0x3ffdfd8c prio: 21 stack: 2560[0m
[0;32mI (758) wifi: mode : softAP (d4:8c:49:e4:be:ad)[0m
[0;32mI (765) wifi: mode : sta (d4:8c:49:e4:be:ac) + softAP (d4:8c:49:e4:be:ad)[0m
[0;32mI (769) wifi: mode : softAP (d4:8c:49:e4:be:ad)[0m
:0x00,cs0_drv:0x00,hd_dHï¿½ï¿½ï¿½ï¿½ï¿½ST Offset   Length[0m
[0;32mI (57) boot:  0 phy_init         RF data          01 01 0000f000 00001000[0m
[0;32mI (64) boot:  1 otadata          OTA data         01 00 00010000 00002000[0m
[0;32mI (72) boot:  2 nvs              WiFi data        01 02 00012000 0000e000[0m
[0;32mI (79) boot:  3 at_customize     unknown          40 00 00020000 000e0000[0m
[0;32mI (87) boot:  4 ota_0            OTA app          00 10 00100000 00180000[0m
[0;32mI (94) boot:  5 ota_1            OTA app          00 11 00280000 00180000[0m
[0;32mI (102) boot: End of partition table[0m
[0;32mI (106) boot: No factory image, trying OTA 0[0m
[0;32mI (111) esp_image: segment 0: paddr=0x00100020 vaddr=0x3f400020 size=0x200f4 (131316) map[0m
[0;32mI (166) esp_image: segment 1: paddr=0x0012011c vaddr=0x3ffc0000 size=0x02d6c ( 11628) load[0m
[0;32mI (171) esp_image: segment 2: paddr=0x00122e90 vaddr=0x40080000 size=0x00400 (  1024) load[0m
[0;32mI (173) esp_image: segment 3: paddr=0x00123298 vaddr=0x40080400 size=0x0cd78 ( 52600) load[0m
[0;32mI (203) esp_image: segment 4: paddr=0x00130018 vaddr=0x400d0018 size=0xdf390 (914320) map[0m
[0;32mI (524) esp_image: segment 5: paddr=0x0020f3b0 vaddr=0x4008d178 size=0x01f14 (  7956) load[0m
[0;32mI (527) esp_image: segment 6: paddr=0x002112cc vaddr=0x400c0000 size=0x00064 (   100) load[0m
[0;32mI (539) boot: Loaded app from partition at offset 0x100000[0m
[0;32mI (539) boot: Disabling RNG early entropy source...[0m
Bin version(Wroom32):1.1.2
[0;32mI (660) wifi: wifi firmware version: de47fad[0m
[0;32mI (660) wifi: config NVS flash: enabled[0m
[0;32mI (660) wifi: config nano formating: disabled[0m
[0;32mI (670) wifi: Init dynamic tx buffer num: 32[0m
[0;32mI (671) wifi: Init data frame dynamic rx buffer num: 32[0m
[0;32mI (671) wifi: Init management frame dynamic rx buffer num: 32[0m
[0;32mI (676) wifi: wifi driver task: 3ffdecc0, prio:23, stack:3584[0m
[0;32mI (681) wifi: Init static rx buffer num: 10[0m
[0;32mI (684) wifi: Init dynamic rx buffer num: 32[0m
[0;32mI (689) wifi: wifi power manager task: 0x3ffdfd8c prio: 21 stack: 2560[0m
[0;32mI (746) wifi: mode : softAP (d4:8c:49:e4:be:ad)[0m
[0;32mI (754) wifi: mode : sta (d4:8c:49:e4:be:ac) + softAP (d4:8c:49:e4:be:ad)[0m
[0;32mI (758) wifi: mode : softAP (d4:8c:49:e4:be:ad)[0m
