PI_FAST_FLASH_BOOT)
configsip: 0, SPIWP:0xee
clk_drv:0x00,q_drv:0x00,d_drv:0x00,cs0_drv:0x00,hd_drv:0x00,wp_drv:0x00
mode:DIO, clock div:2
load:0x3fff0030,len:6276
load:0x40078000,len:15748
load:0x40080400,len:4
ho 8 tail 4 room 4
load:0x40080404,len:3860
entry 0x4008063ï¿½ets Jul 29 2019 12:21:46

rst:0x1 (POWERON_RESET),boot:0x13 (SPI_FAST_FLASH_BOOT)
configsip: 0, SPIWP:0xee
clk_drv:0x00,q_drv:0x00,d_drv:0x00,cs0_drv:0x00,hd_drv:0x00,wp_drv:0x00
mode:DIO, clock div:2
load:0x3fff0030,len:6276
load:0x40078000,len:15748
load:0x40080400,len:4
ho 8 tail 4 room 4
load:0x40080404,len:3860
entry 0x4008063c
[0;32mI (31) boot: ESP-IDF v5.4.1 2nd stage bootloader[0m
[0;32mI (31) boot: compile time May  9 2025 10:47:03[0m
[0;32mI (31) boot: Multicore bootloader[0m
[0;32mI (32) boot: chip revision: v3.1[0m
[0;32mI (35) boot.esp32: SPI Speed      : 40MHz[0m
[0;32mI (39) boot.esp32: SPI Mode       : DIO[0m
[0;32mI (43) boot.esp32: SPI Flash Size : 4MB[0m
[0;32mI (46) boot: Enabling RNG early entropy source...[0m
[0;32mI (51) boot: Partition Table:[0m
[0;32mI (53) boot: ## Label            Usage          Type ST Offset   Length[0m
[0;32mI (60) boot:  0 nvs              WiFi data        01 02 00010000 00009000[0m
[0;32mI (66) boot:  1 otadata          OTA data         01 00 00019000 00002000[0m
[0;32mI (73) boot:  2 phy_init         RF data          01 01 0001b000 00001000[0m
[0;32mI (79) boot:  3 factory          factory app      00 00 00020000 00100000[0m
[0;32mI (86) boot:  4 ota_0            OTA app          00 10 00120000 00100000[0m
[0;32mI (92) boot:  5 ota_1            OTA app          00 11 00220000 00100000[0m
[0;32mI (99) boot:  6 storage          Unknown data     01 82 00320000 00080000[0m
[0;32mI (105) boot: End of partition table[0m
[0;32mI (109) boot: Defaulting to factory image[0m
[0;32mI (112) esp_image: segment 0: paddr=00020020 vaddr=3f400020 size=21c94h (138388) map[0m
[0;32mI (167) esp_image: segment 1: paddr=00041cbc vaddr=3ff80000 size=0001ch (    28) load[0m
[0;32mI (167) esp_image: segment 2: paddr=00041ce0 vaddr=3ffb0000 size=03f74h ( 16244) load[0m
[0;32mI (177) esp_image: segment 3: paddr=00045c5c vaddr=40080000 size=0a3bch ( 41916) load[0m
[0;32mI (195) esp_image: segment 4: paddr=00050020 vaddr=400d0020 size=af4c4h (718020) map[0m
[0;32mI (440) esp_image: segment 5: paddr=000ff4ec vaddr=4008a3bc size=0d55ch ( 54620) load[0m
[0;32mI (462) esp_image: segment 6: paddr=0010ca50 vaddr=00000000 size=03530h ( 13616) [0m
[0;32mI (478) boot: Loaded app from partition at offset 0x20000[0m
[0;32mI (478) boot: Disabling RNG early entropy source...[0m
[0;32mI (489) cpu_start: Multicore app[0m
[0;32mI (497) cpu_start: Pro cpu start user code[0m
[0;32mI (497) cpu_start: cpu freq: 160000000 Hz[0m
[0;32mI (497) app_init: Application information:[0m
[0;32mI (497) app_init: Project name:     securedOTA[0m
[0;32mI (501) app_init: App version:      1[0m
[0;32mI (505) app_init: Compile time:     May  9 2025 10:58:55[0m
[0;32mI (510) app_init: ELF file SHA256:  66c9343b0...[0m
[0;32mI (514) app_init: ESP-IDF:          v5.4.1[0m
[0;32mI (518) efuse_init: Min chip rev:     v0.0[0m
[0;32mI (522) efuse_init: Max chip rev:     v3.99 [0m
[0;32mI (526) efuse_init: Chip rev:         v3.1[0m
[0;32mI (530) heap_init: Initializing. RAM available for dynamic allocation:[0m
[0;32mI (536) heap_init: At 3FFAE6E0 len 00001920 (6 KiB): DRAM[0m
[0;32mI (541) heap_init: At 3FFB88A0 len 00027760 (157 KiB): DRAM[0m
[0;32mI (546) heap_init: At 3FFE0440 len 00003AE0 (14 KiB): D/IRAM[0m
[0;32mI (552) heap_init: At 3FFE4350 len 0001BCB0 (111 KiB): D/IRAM[0m
[0;32mI (557) heap_init: At 40097918 len 000086E8 (33 KiB): IRAM[0m
[0;32mI (564) spi_flash: detected chip: generic[0m
[0;32mI (566) spi_flash: flash io: dio[0m
[1;31mE (569) secure_boot: Mismatch in secure boot settings: the app config is enabled but eFuse not[0m
[0;32mI (578) main_task: Started on CPU0[0m
[0;32mI (588) main_task: Calling app_main()[0m
[0;32mI (618) ota_app_spiffs: Custom message loaded from NVS: xd[0m
[0;32mI (618) ota_app_spiffs: Initializing SPIFFS[0m
[0;32mI (648) ota_app_spiffs: Partition size: total: 474641, used: 12048[0m
[0;32mI (648) ota_app_spiffs: Running partition: factory. Firmware Version: 1.0.0[0m
[0;32mI (668) wifi:wifi driver task: 3ffc1304, prio:23, stack:6656, core=0[0m
[0;32mI (668) wifi:wifi firmware version: 79fa3f41ba[0m
[0;32mI (668) wifi:wifi certification version: v7.0[0m
[0;32mI (678) wifi:config NVS flash: enabled[0m
[0;32mI (678) wifi:config nano formatting: disabled[0m
[0;32mI (678) wifi:Init data frame dynamic rx buffer num: 32[0m
[0;32mI (678) wifi:Init static rx mgmt buffer num: 5[0m
[0;32mI (688) wifi:Init management short buffer num: 32[0m
[0;32mI (688) wifi:Init dynamic tx buffer num: 32[0m
[0;32mI (698) wifi:Init static rx buffer size: 1600[0m
[0;32mI (698) wifi:Init static rx buffer num: 10[0m
[0;32mI (698) wifi:Init dynamic rx buffer num: 32[0m
[0;32mI (708) wifi_init: rx ba win: 6[0m
[0;32mI (708) wifi_init: accept mbox: 6[0m
[0;32mI (708) wifi_init: tcpip mbox: 32[0m
[0;32mI (718) wifi_init: udp mbox: 6[0m
[0;32mI (718) wifi_init: tcp mbox: 6[0m
[0;32mI (718) wifi_init: tcp tx win: 5760[0m
[0;32mI (728) wifi_init: tcp rx win: 5760[0m
[0;32mI (728) wifi_init: tcp mss: 1440[0m
[0;32mI (728) wifi_init: WiFi IRAM OP enabled[0m
[0;32mI (738) wifi_init: WiFi RX IRAM OP enabled[0m
[0;32mI (748) phy_init: phy_version 4860,6b7a6e5,Feb  6 2025,14:47:07[0m
[0;32mI (828) phy_init: Saving new calibration data due to checksum failure or outdated calibration data, mode(0)[0m
[0;32mI (848) wifi:mode : softAP (f4:65:0b:54:ff:31)[0m
[0;32mI (858) wifi:Total power save buffer number: 16[0m
[0;32mI (858) wifi:Init max length of beacon: 752/752[0m
[0;32mI (858) wifi:Init max length of beacon: 752/752[0m
[0;32mI (858) ota_app_spiffs: wifi_init_softap finished. SSID:'MySimpleESP_AP' password:'simplepass123' channel:6 max_conn:2[0m
[0;32mI (858) esp_netif_lwip: DHCP server started on interface WIFI_AP_DEF with IP: 192.168.4.1[0m
[0;32mI (878) ota_app_spiffs: AP IP Address: 192.168.4.1[0m
[0;32mI (878) ota_app_spiffs: Starting HTTP server on port: '80'[0m
[0;32mI (888) ota_app_spiffs: ESP32 OTA Signed App (SPIFFS) Initialized. Connect to AP: 'MySimpleESP_AP'[0m
[0;32mI (898) main_task: Returned from app_main()[0m
[0;32mI (152318) wifi:new:<6,0>, old:<6,1>, ap:<6,1>, sta:<255,255>, prof:6, snd_ch_cfg:0x0[0m
[0;32mI (152318) wifi:station: 1a:e8:7d:83:9b:ca join, AID=1, bgn, 20[0m
[0;32mI (156328) wifi:station: 1a:e8:7d:83:9b:ca leave, AID = 1, reason = 15, bss_flags is 34245730, bss:0x3ffb9c54[0m
[0;32mI (156328) wifi:new:<6,0>, old:<6,0>, ap:<6,1>, sta:<255,255>, prof:6, snd_ch_cfg:0x0[0m
[0;32mI (183758) wifi:new:<6,0>, old:<6,0>, ap:<6,1>, sta:<255,255>, prof:6, snd_ch_cfg:0x0[0m
[0;32mI (183758) wifi:station: 1a:e8:7d:83:9b:ca join, AID=1, bgn, 20[0m
[0;32mI (183828) ota_app_spiffs: Station connected[0m
[0;32mI (184008) wifi:<ba-add>idx:2 (ifx:1, 1a:e8:7d:83:9b:ca), tid:0, ssn:0, winSize:64[0m
[0;32mI (184108) esp_netif_lwip: DHCP server assigned IP to a client, IP is: 192.168.4.2[0m
[0;32mI (202048) ota_app_spiffs: Serving file: /spiffs/index.html[0m
[0;32mI (202108) ota_app_spiffs: File sending complete: /spiffs/index.html[0m
[0;32mI (202168) ota_app_spiffs: /api/status called[0m
[0;33mW (202228) httpd_uri: httpd_uri: URI '/favicon.ico' not found[0m
[0;33mW (202228) httpd_txrx: httpd_resp_send_err: 404 Not Found - Nothing matches the given URI[0m
[0;32mI (214388) ota_app_spiffs: /update-message called, content_len: 24[0m
[0;32mI (214388) ota_app_spiffs: Extracted message for update: 'PapiezAmerykanin'[0m
[0;32mI (214398) ota_app_spiffs: Custom message saved to NVS: PapiezAmerykanin[0m
[0;32mI (214398) ota_app_spiffs: /api/status called[0m
